******************************************************************************
                  TI ARM Linker PC v15.12.1                    
******************************************************************************
>> Linked Mon May 30 19:32:30 2016

OUTPUT FILE NAME:   <TI-RTOS_BasicTask_CC2650STK.out>
ENTRY POINT SYMBOL: "ResetISR"  address: 00005e05


MEMORY CONFIGURATION

         name            origin    length      used     unused   attr    fill
----------------------  --------  ---------  --------  --------  ----  --------
  FLASH                 00000000   00020000  000081a1  00017e5f  R  X
  SRAM                  20000000   00005000  00002b5e  000024a2  RW X


SEGMENT ALLOCATION MAP

run origin  load origin   length   init length attrs members
----------  ----------- ---------- ----------- ----- -------
00000000    00000000    0000814c   0000814c    r-x
  00000000    00000000    0000003c   0000003c    r-- .resetVecs
  0000003c    0000003c    000076d6   000076d6    r-x .text
  00007714    00007714    00000663   00000663    r-- .const
  00007d78    00007d78    000003d4   000003d4    r-- .cinit
0001ffa8    0001ffa8    00000058   00000058    r--
  0001ffa8    0001ffa8    00000058   00000058    r-- .ccfg
20000000    20000000    000000dc   00000000    rw-
  20000000    20000000    000000dc   00000000    rw- .vecs
20000100    20000100    00002682   00000000    rw-
  20000100    20000100    000020b0   00000000    rw- .bss
  200021b0    200021b0    000005d2   00000000    rw- .data
20004c00    20004c00    00000400   00000000    rw-
  20004c00    20004c00    00000400   00000000    rw- .stack


SECTION ALLOCATION MAP

 output                                  attributes/
section   page    origin      length       input sections
--------  ----  ----------  ----------   ----------------
.text      0    0000003c    000076d6     
                  0000003c    000005ce     driverlib.lib : setup.obj (.text:HapiTrimDeviceShutDown)
                  0000060a    00000002     flash_debug_pem3.oem3 (.text:free)
                  0000060c    00000424     sysbios.aem3 : BIOS.obj (.text:ti_sysbios_family_arm_m3_Hwi_excDumpRegs__I)
                  00000a30    0000034c     ti.targets.arm.rtsarm.aem3 : System.oem3 (.text:xdc_runtime_System_doPrint__I)
                  00000d7c    00000324     rtsv7M3_T_le_eabi.lib : trgdrv.obj (.text)
                  000010a0    00000250     sysbios.aem3 : BIOS.obj (.text:ti_sysbios_family_arm_cc26xx_Power_sleep__E)
                  000012f0    00000218     PINCC26XX.obj (.text:PIN_init)
                  00001508    00000218     sysbios.aem3 : BIOS.obj (.text:ti_sysbios_family_arm_cc26xx_Power_auxISR__E)
                  00001720    000001f4     rtsv7M3_T_le_eabi.lib : ull_div_t2.obj (.text)
                  00001914    000001e0     sysbios.aem3 : BIOS.obj (.text:ti_sysbios_family_arm_m3_Hwi_excHandlerMax__I)
                  00001af4    000001aa     driverlib.lib : sys_ctrl.obj (.text:SysCtrlSetRechargeBeforePowerDown)
                  00001c9e    00000002     rtsv7M3_T_le_eabi.lib : i_div0.obj (.text)
                  00001ca0    0000019c     sysbios.aem3 : BIOS.obj (.text:ti_sysbios_knl_Semaphore_pend__E)
                  00001e3c    0000018c                  : BIOS.obj (.text:ti_sysbios_knl_Task_Module_startup__E)
                  00001fc8    00000168                  : BIOS.obj (.text:ti_sysbios_family_arm_m3_Hwi_excBusFault__I)
                  00002130    00000148                  : BIOS.obj (.text:ti_sysbios_family_arm_m3_Hwi_excUsageFault__I)
                  00002278    00000144     ti.targets.arm.rtsarm.aem3 : HeapStd.oem3 (.text:xdc_runtime_HeapStd_alloc__E)
                  000023bc    00000138     flash_debug_pem3.oem3 (.text:ti_uia_loggers_LoggerStopMode_writeMemoryRange__E)
                  000024f4    00000136     rtsv7M3_T_le_eabi.lib : fd_div_t2.obj (.text)
                  0000262a    00000002     flash_debug_pem3.oem3 (.text:ti_sysbios_BIOS_nullFunc__I)
                  0000262c    00000134     sysbios.aem3 : BIOS.obj (.text:ti_sysbios_family_arm_m3_Hwi_excMemFault__I)
                  00002760    00000130                  : BIOS.obj (.text:ti_sysbios_family_arm_m3_Hwi_dispatchC__I)
                  00002890    0000012c     PINCC26XX.obj (.text:PINCC26XX_setIoCfg)
                  000029bc    00000120     sysbios.aem3 : BIOS.obj (.text:ti_sysbios_knl_Swi_run__I)
                  00002adc    00000118     ti.targets.arm.rtsarm.aem3 : Error.oem3 (.text:xdc_runtime_Error_policyDefault__E)
                  00002bf4    00000114     sysbios.aem3 : BIOS.obj (.text:ti_sysbios_knl_Task_sleep__E)
                  00002d08    0000010c     flash_debug_pem3.oem3 (.text:ti_uia_loggers_LoggerStopMode_write8__E)
                  00002e14    00000108     PINCC26XX.obj (.text:PIN_open)
                  00002f1c    00000100     ti.targets.arm.rtsarm.aem3 : Core-mem.oem3 (.text:xdc_runtime_Core_createObject__I)
                  0000301c    000000f8                                : Startup.oem3 (.text:xdc_runtime_Startup_startMods__I)
                  00003114    000000f8     flash_debug_pem3.oem3 (.text:xdc_runtime_System_printfExtend__I)
                  0000320c    000000f4     flash_debug_pem3.oem3 (.text:ti_uia_loggers_LoggerStopMode_write4__E)
                  00003300    000000e8     flash_debug_pem3.oem3 (.text:ti_uia_loggers_LoggerStopMode_write2__E)
                  000033e8    000000e4     flash_debug_pem3.oem3 (.text:ti_uia_loggers_LoggerStopMode_write1__E)
                  000034cc    000000e0     sysbios.aem3 : BIOS.obj (.text:ti_sysbios_knl_Clock_workFuncDynamic__E)
                  000035ac    000000d8                  : BIOS.obj (.text:ti_sysbios_knl_Clock_walkQueueDynamic__E)
                  00003684    000000d8     flash_debug_pem3.oem3 (.text:ti_uia_loggers_LoggerStopMode_write0__E)
                  0000375c    000000d4     lab1-main.obj (.text:main)
                  00003830    000000d4     sysbios.aem3 : BIOS.obj (.text:ti_sysbios_family_arm_cc26xx_Power_setDependency__E)
                  00003904    000000d0                  : BIOS.obj (.text:ti_sysbios_family_arm_cc26xx_Power_standbyPolicy__E)
                  000039d4    000000d0                  : m3_Hwi_asm.obj (.text:ti_sysbios_family_arm_m3_Hwi_dispatch__I)
                  00003aa4    000000cc                  : BIOS.obj (.text:ti_sysbios_family_arm_cc26xx_Power_releaseDependency__E)
                  00003b70    000000cc     ti.targets.arm.rtsarm.aem3 : Core-smem.oem3 (.text:xdc_runtime_Core_constructObject__I)
                  00003c3c    000000cc                                : HeapStd.oem3 (.text:xdc_runtime_HeapStd_Instance_init__E)
                  00003d08    000000c4     sysbios.aem3 : BIOS.obj (.text:ti_sysbios_family_arm_m3_Hwi_Module_startup__E)
                  00003dcc    000000c4                  : BIOS.obj (.text:ti_sysbios_knl_Semaphore_post__E)
                  00003e90    000000c4                  : BIOS.obj (.text:ti_sysbios_knl_Task_Instance_init__E)
                  00003f54    000000c0                  : BIOS.obj (.text:ti_sysbios_knl_Task_schedule__I)
                  00004014    000000c0                  : BIOS.obj (.text:ti_sysbios_utils_Load_updateLoads__E)
                  000040d4    000000bc                  : BIOS.obj (.text:ti_sysbios_knl_Task_startCore__E)
                  00004190    000000b8                  : BIOS.obj (.text:ti_sysbios_knl_Task_Instance_finalize__E)
                  00004248    000000b4     driverlib.lib : setup.obj (.text:trimDevice)
                  000042fc    000000b0     sysbios.aem3 : BIOS.obj (.text:ti_sysbios_family_arm_m3_Hwi_excHardFault__I)
                  000043ac    000000ac                  : BIOS.obj (.text:ti_sysbios_knl_Swi_post__E)
                  00004458    000000a8                  : BIOS.obj (.text:ti_sysbios_knl_Task_blockI__E)
                  00004500    000000a8                  : BIOS.obj (.text:ti_sysbios_knl_Task_postInit__I)
                  000045a8    000000a8     ti.targets.arm.rtsarm.aem3 : HeapStd.oem3 (.text:xdc_runtime_HeapStd_free__E)
                  00004650    000000a4     sysbios.aem3 : BIOS.obj (.text:ti_sysbios_family_arm_m3_Hwi_excDebugMon__I)
                  000046f4    000000a0     auto_init.aem3 : auto_init.oem3 (.text)
                  00004794    000000a0     ti.targets.arm.rtsarm.aem3 : Text.oem3 (.text:xdc_runtime_Text_putMod__E)
                  00004834    0000009c     rtsv7M3_T_le_eabi.lib : memcpy_t2.obj (.text)
                  000048d0    0000009c     sysbios.aem3 : BIOS.obj (.text:ti_sysbios_family_arm_cc26xx_Power_initiateCalibration__E)
                  0000496c    0000009a     ti.targets.arm.rtsarm.aem3 : Text.oem3 (.text:xdc_runtime_Text_putSite__E)
                  00004a06    00000002     sysbios.aem3 : BIOS.obj (.text:ti_sysbios_family_arm_cc26xx_Power_defaultClockFunc__E)
                  00004a08    00000094                  : BIOS.obj (.text:ti_sysbios_family_arm_m3_Hwi_Instance_init__E)
                  00004a9c    00000094                  : BIOS.obj (.text:ti_sysbios_knl_Task_exit__E)
                  00004b30    00000094                  : BIOS.obj (.text:ti_sysbios_knl_Task_unblockI__E)
                  00004bc4    00000090     ti.uia.loggers.aem3 : LoggerStopMode.oem3 (.text:ti_uia_loggers_LoggerStopMode_initQueueDescriptor__E)
                  00004c54    00000088     sysbios.aem3 : BIOS.obj (.text:ti_sysbios_family_arm_cc26xx_Power_Module_startup__E)
                  00004cdc    00000084                  : BIOS.obj (.text:ti_sysbios_family_arm_cc26xx_Timer_start__E)
                  00004d60    0000007c     driverlib.lib : chipinfo.obj (.text:ChipInfo_GetHwRevision)
                  00004ddc    0000007a     rtsv7M3_T_le_eabi.lib : memset_t2.obj (.text)
                  00004e56    00000002     sysbios.aem3 : BIOS.obj (.text:ti_sysbios_family_arm_cc26xx_Power_defaultNotifyTrapFunc__E)
                  00004e58    00000078                  : BIOS.obj (.text:ti_sysbios_knl_Clock_startI__E)
                  00004ed0    00000074                  : BIOS.obj (.text:ti_sysbios_family_arm_cc26xx_Power_startFirstMeasurement__E)
                  00004f44    00000074                  : BIOS.obj (.text:ti_sysbios_family_arm_m3_Hwi_initNVIC__E)
                  00004fb8    00000074     ti.uia.runtime.aem3 : QueueDescriptor.oem3 (.text:ti_uia_runtime_QueueDescriptor_addToList__E)
                  0000502c    00000070     sysbios.aem3 : BIOS.obj (.text:ti_sysbios_family_arm_m3_Hwi_postInit__I)
                  0000509c    0000006e     driverlib.lib : osc.obj (.text:OSCHF_AttemptToSwitchToXosc)
                  0000510a    00000002     sysbios.aem3 : BIOS.obj (.text:ti_sysbios_gates_GateHwi_Instance_init__E)
                  0000510c    0000006c                  : BIOS.obj (.text:ti_sysbios_family_arm_cc26xx_Power_LF_clockFunc__E)
                  00005178    0000006c     ti.targets.arm.rtsarm.aem3 : Error.oem3 (.text:xdc_runtime_Error_print__E)
                  000051e4    0000006c                                : Memory.oem3 (.text:xdc_runtime_Memory_alloc__E)
                  00005250    0000006a     rtsv7M3_T_le_eabi.lib : copy_decompress_rle.obj (.text)
                  000052ba    00000002     flash_debug_pem3.oem3 (.text:ti_uia_loggers_LoggerStopMode_setFilterLevel__E)
                  000052bc    00000068     rtsv7M3_T_le_eabi.lib : trgmsg.obj (.text)
                  00005324    00000068     sysbios.aem3 : BIOS.obj (.text:ti_sysbios_utils_Load_idleFxn__E)
                  0000538c    00000066     driverlib.lib : sys_ctrl.obj (.text:SysCtrl_DCDC_VoltageConditionalControl)
                  000053f2    00000066     ti.uia.loggers.aem3 : LoggerStopMode.oem3 (.text:ti_uia_loggers_LoggerStopMode_flush__E)
                  00005458    00000066     ti.targets.arm.rtsarm.aem3 : Core-mem.oem3 (.text:xdc_runtime_Core_deleteObject__I)
                  000054be    00000002     ti.uia.loggers.aem3 : LoggerStopMode.oem3 (.text:ti_uia_loggers_LoggerStopMode_setPriority__E)
                  000054c0    00000064     PINCC26XX.obj (.text:PIN_Isr)
                  00005524    00000064     ti.targets.arm.rtsarm.aem3 : System.oem3 (.text:xdc_runtime_System_formatNum__I)
                  00005588    00000062     driverlib.lib : sys_ctrl.obj (.text:SysCtrlAdjustRechargeAfterPowerDown)
                  000055ea    00000002     --HOLE-- [fill = 0]
                  000055ec    00000060     flash_debug_pem3.oem3 (.text:ti_sysbios_family_arm_cc26xx_Power_XOSC_HF_clockFunc__E)
                  0000564c    00000060     sysbios.aem3 : BIOS.obj (.text:ti_sysbios_knl_Clock_logTick__E)
                  000056ac    00000060                  : BIOS.obj (.text:ti_sysbios_utils_Load_logCPULoad__I)
                  0000570c    0000005b     ti.targets.arm.rtsarm.aem3 : Text.oem3 (.text:xdc_runtime_Text_putLab__E)
                  00005767    00000001     --HOLE-- [fill = 0]
                  00005768    00000058     driverlib.lib : osc.obj (.text:OSCHF_SwitchToRcOscTurnOffXosc)
                  000057c0    00000058     sysbios.aem3 : BIOS.obj (.text:tdcPerformRcOscMeasurement$18)
                  00005818    00000058     flash_debug_pem3.oem3 (.text:ti_sysbios_family_arm_m3_Hwi_construct)
                  00005870    00000058     sysbios.aem3 : BIOS.obj (.text:ti_sysbios_knl_Swi_restoreHwi__E)
                  000058c8    00000058                  : BIOS.obj (.text:ti_sysbios_knl_Swi_schedule__I)
                  00005920    00000058     flash_debug_pem3.oem3 (.text:xdc_runtime_HeapStd_Object__create__S)
                  00005978    00000056     driverlib.lib : ddi.obj (.text:NOROM_DDI16BitfieldWrite)
                  000059ce    00000002     --HOLE-- [fill = 0]
                  000059d0    00000054     rtsv7M3_T_le_eabi.lib : exit.obj (.text)
                  00005a24    00000054     flash_debug_pem3.oem3 (.text:ti_sysbios_knl_Task_construct)
                  00005a78    00000054     ti.targets.arm.rtsarm.aem3 : Assert.oem3 (.text:xdc_runtime_Assert_raise__I)
                  00005acc    00000052     driverlib.lib : osc.obj (.text:NOROM_OSCClockSourceSet)
                  00005b1e    00000002     --HOLE-- [fill = 0]
                  00005b20    00000050     ti.targets.arm.rtsarm.aem3 : Startup.oem3 (.text:xdc_runtime_Startup_exec__E)
                  00005b70    0000004c     rtsv7M3_T_le_eabi.lib : cpy_tbl.obj (.text)
                  00005bbc    0000004c     sysbios.aem3 : m3_TaskSupport_asm.obj (.text:ti_sysbios_family_arm_m3_TaskSupport_buildTaskStack)
                  00005c08    0000004c                  : BIOS.obj (.text:ti_sysbios_knl_Swi_runLoop__I)
                  00005c54    0000004c     ti.uia.loggers.aem3 : LoggerStopMode.oem3 (.text:ti_uia_loggers_LoggerStopMode_Module_startup__E)
                  00005ca0    00000048     PINCC26XX.obj (.text:PINCC26XX_setIoCfgMux)
                  00005ce8    00000048     sysbios.aem3 : BIOS.obj (.text:ti_sysbios_family_arm_m3_Hwi_excReserved__I)
                  00005d30    00000048                  : m3_Hwi_asm_switch.obj (.text:ti_sysbios_family_arm_m3_Hwi_initStacks__E)
                  00005d78    00000046     ti.targets.arm.rtsarm.aem3 : Core-params.oem3 (.text:xdc_runtime_Core_assignParams__I)
                  00005dbe    00000002     --HOLE-- [fill = 0]
                  00005dc0    00000044     PINCC26XX.obj (.text:PIN_setInterrupt)
                  00005e04    00000044     boot.aem3 : boot.oem3 (.text)
                  00005e48    00000044     rtsv7M3_T_le_eabi.lib : fd_tou_t2.obj (.text)
                  00005e8c    00000044     sysbios.aem3 : BIOS.obj (.text:ti_sysbios_family_arm_cc26xx_Timer_initDevice__I)
                  00005ed0    00000044                  : BIOS.obj (.text:ti_sysbios_family_arm_m3_Hwi_disableInterrupt__E)
                  00005f14    00000044                  : BIOS.obj (.text:ti_sysbios_family_arm_m3_Hwi_enableInterrupt__E)
                  00005f58    00000044                  : BIOS.obj (.text:ti_sysbios_knl_Task_allBlockedFunction__I)
                  00005f9c    00000044     ti.uia.loggers.aem3 : LoggerStopMode.oem3 (.text:ti_uia_loggers_LoggerStopMode_initBuffer__I)
                  00005fe0    00000044     lab1-main.obj (.text:urgentWorkTaskFunc)
                  00006024    00000044     ti.targets.arm.rtsarm.aem3 : Error.oem3 (.text:xdc_runtime_Error_setX__E)
                  00006068    00000044                                : SysMin.oem3 (.text:xdc_runtime_SysMin_flush__E)
                  000060ac    00000044                                : Text.oem3 (.text:xdc_runtime_Text_xprintf__I)
                  000060f0    00000042     driverlib.lib : ddi.obj (.text:NOROM_DDI16BitfieldRead)
                  00006132    00000002     --HOLE-- [fill = 0]
                  00006134    00000040     PINCC26XX.obj (.text:PIN_setConfig)
                  00006174    00000040     PINCC26XX.obj (.text:PIN_setOutputValue)
                  000061b4    00000040     rtsv7M3_T_le_eabi.lib : u_divt2.obj (.text)
                  000061f4    00000040     flash_debug_pem3.oem3 (.text:ti_sysbios_family_arm_cc26xx_Power_XOSC_HF)
                  00006234    00000040     sysbios.aem3 : BIOS.obj (.text:ti_sysbios_family_arm_cc26xx_Timer_getCurrentTick__E)
                  00006274    00000040                  : BIOS.obj (.text:ti_sysbios_family_arm_m3_Hwi_getStackInfo__E)
                  000062b4    0000003e     driverlib.lib : osc.obj (.text:NOROM_OSCInterfaceEnable)
                  000062f2    00000002     --HOLE-- [fill = 0]
                  000062f4    0000003c     sysbios.aem3 : BIOS.obj (.text:ti_sysbios_family_arm_m3_Hwi_excSvCall__I)
                  00006330    0000003c                  : BIOS.obj (.text:ti_sysbios_family_arm_m3_TaskSupport_start__E)
                  0000636c    0000003c                  : BIOS.obj (.text:ti_sysbios_knl_Swi_restore__E)
                  000063a8    0000003c                  : BIOS.obj (.text:ti_sysbios_knl_Swi_startup__E)
                  000063e4    00000038     driverlib.lib : osc.obj (.text:OSCHF_TurnOnXosc)
                  0000641c    00000038     sysbios.aem3 : BIOS.obj (.text:ti_sysbios_family_arm_cc26xx_Power_serviceNotifyQ__I)
                  00006454    00000038                  : BIOS.obj (.text:ti_sysbios_family_arm_cc26xx_Timer_setThreshold__I)
                  0000648c    00000038                  : BIOS.obj (.text:ti_sysbios_family_arm_m3_Hwi_excNoIsr__I)
                  000064c4    00000038                  : BIOS.obj (.text:ti_sysbios_knl_Task_processVitalTaskFlag__I)
                  000064fc    00000038     ti.targets.arm.rtsarm.aem3 : SysMin.oem3 (.text:xdc_runtime_SysMin_putch__E)
                  00006534    00000038                                : System.oem3 (.text:xdc_runtime_System_atexit__E)
                  0000656c    00000034     driverlib.lib : chipinfo.obj (.text:ChipInfo_GetChipFamily)
                  000065a0    00000034     sysbios.aem3 : BIOS.obj (.text:cleanupAfterMeasurements$18)
                  000065d4    00000034                  : BIOS.obj (.text:ti_sysbios_family_arm_cc26xx_Power_releaseConstraint__E)
                  00006608    00000034                  : BIOS.obj (.text:ti_sysbios_family_arm_cc26xx_Timer_Module_startup__E)
                  0000663c    00000034                  : BIOS.obj (.text:ti_sysbios_family_arm_m3_Hwi_excNmi__I)
                  00006670    00000034                  : BIOS.obj (.text:ti_sysbios_gates_GateMutex_enter__E)
                  000066a4    00000034                  : BIOS.obj (.text:ti_sysbios_utils_Load_updateCurrentThreadTime__E)
                  000066d8    00000034     ti.uia.loggers.aem3 : LoggerStopMode.oem3 (.text:ti_uia_loggers_LoggerStopMode_reset__E)
                  0000670c    00000034     lab1-main.obj (.text:workTaskFunc)
                  00006740    00000034     ti.targets.arm.rtsarm.aem3 : Core-label.oem3 (.text:xdc_runtime_Core_assignLabel__I)
                  00006774    00000033                                : Text.oem3 (.text:xdc_runtime_Text_printVisFxn__I)
                  000067a7    00000001     --HOLE-- [fill = 0]
                  000067a8    00000032     sysbios.aem3 : BIOS.obj (.text:ti_sysbios_family_arm_cc26xx_Timer_setNextTick__E)
                  000067da    00000032                  : BIOS.obj (.text:ti_sysbios_knl_Semaphore_pendTimeout__I)
                  0000680c    00000030     flash_debug_pem3.oem3 (.text:ti_sysbios_BIOS_atExitFunc__I)
                  0000683c    00000030     sysbios.aem3 : BIOS.obj (.text:ti_sysbios_family_arm_cc26xx_Power_notify__I)
                  0000686c    00000030     flash_debug_pem3.oem3 (.text:ti_sysbios_gates_GateHwi_Object__create__S)
                  0000689c    00000030     flash_debug_pem3.oem3 (.text:ti_sysbios_gates_GateMutex_Object__create__S)
                  000068cc    00000030     flash_debug_pem3.oem3 (.text:ti_sysbios_knl_Semaphore_construct)
                  000068fc    00000030     flash_debug_pem3.oem3 (.text:ti_uia_loggers_LoggerStopMode_Object__create__S)
                  0000692c    00000030     ti.targets.arm.rtsarm.aem3 : SysMin.oem3 (.text:xdc_runtime_SysMin_abort__E)
                  0000695c    00000030                                : System.oem3 (.text:xdc_runtime_System_processAtExit__E)
                  0000698c    0000002c     driverlib.lib : aon_batmon.obj (.text:AONBatMonTemperatureGetDegC)
                  000069b8    0000002c     lab1-main.obj (.text:doUrgentWork)
                  000069e4    0000002c     lab1-main.obj (.text:doWork)
                  00006a10    0000002c     sysbios.aem3 : BIOS.obj (.text:ti_sysbios_family_arm_m3_Hwi_Instance_finalize__E)
                  00006a3c    0000002c                  : BIOS.obj (.text:ti_sysbios_hal_Hwi_initStack)
                  00006a68    0000002c                  : BIOS.obj (.text:ti_sysbios_knl_Clock_getTicksUntilInterrupt__E)
                  00006a94    0000002c     flash_debug_pem3.oem3 (.text:ti_sysbios_knl_Queue_construct)
                  00006ac0    0000002c     sysbios.aem3 : BIOS.obj (.text:ti_sysbios_knl_Task_restore__E)
                  00006aec    0000002c     ti.targets.arm.rtsarm.aem3 : Text.oem3 (.text:xdc_runtime_Text_cordText__E)
                  00006b18    0000002a                                : System.oem3 (.text:xdc_runtime_System_putchar__I)
                  00006b42    00000028     driverlib.lib : aon_rtc.obj (.text:NOROM_AONRTCCurrentCompareValueGet)
                  00006b6a    00000002     --HOLE-- [fill = 0]
                  00006b6c    00000028     flash_debug_pem3.oem3 (.text:ti_sysbios_family_arm_cc26xx_Power_isDependencyActive)
                  00006b94    00000028     sysbios.aem3 : BIOS.obj (.text:ti_sysbios_family_arm_cc26xx_Timer_getMaxTicks__E)
                  00006bbc    00000028                  : BIOS.obj (.text:ti_sysbios_family_arm_cc26xx_TimestampProvider_get64__E)
                  00006be4    00000026     driverlib.lib : osc.obj (.text:NOROM_OSCClockSourceGet)
                  00006c0a    00000026     ti.targets.arm.rtsarm.aem3 : System.oem3 (.text:xdc_runtime_System_avprintf__E)
                  00006c30    00000024     PINCC26XX.obj (.text:PINCC26XX_setOutputValue)
                  00006c54    00000024     flash_debug_pem3.oem3 (.text:ti_sysbios_BIOS_registerRTSLock__I)
                  00006c78    00000024     flash_debug_pem3.oem3 (.text:ti_sysbios_BIOS_removeRTSLock__I)
                  00006c9c    00000024     flash_debug_pem3.oem3 (.text:ti_sysbios_BIOS_startFunc__I)
                  00006cc0    00000024     sysbios.aem3 : BIOS.obj (.text:ti_sysbios_family_arm_cc26xx_Timer_dynamicStub__E)
                  00006ce4    00000024                  : BIOS.obj (.text:ti_sysbios_family_arm_cc26xx_Timer_startup__E)
                  00006d08    00000024                  : BIOS.obj (.text:ti_sysbios_family_arm_m3_Hwi_doTaskRestore__I)
                  00006d2c    00000024     flash_debug_pem3.oem3 (.text:ti_sysbios_gates_GateMutex_Object__delete__S)
                  00006d50    00000024     sysbios.aem3 : BIOS.obj (.text:ti_sysbios_knl_Clock_Module_startup__E)
                  00006d74    00000024                  : BIOS.obj (.text:ti_sysbios_knl_Semaphore_Instance_init__E)
                  00006d98    00000024                  : BIOS.obj (.text:ti_sysbios_knl_Swi_Module_startup__E)
                  00006dbc    00000024     ti.targets.arm.rtsarm.aem3 : System.oem3 (.text:xdc_runtime_System_vprintf__E)
                  00006de0    00000022     flash_debug_pem3.oem3 (.text:xdc_runtime_SysMin_output__I)
                  00006e02    00000020     rtsv7M3_T_le_eabi.lib : u_tofd_t2.obj (.text)
                  00006e22    00000002     --HOLE-- [fill = 0]
                  00006e24    00000020     flash_debug_pem3.oem3 (.text:ti_sysbios_BIOS_rtsLock__I)
                  00006e44    00000020     sysbios.aem3 : BIOS.obj (.text:ti_sysbios_family_arm_cc26xx_TimestampProvider_Module_startup__E)
                  00006e64    00000020                  : BIOS.obj (.text:ti_sysbios_family_arm_cc26xx_TimestampProvider_get32__E)
                  00006e84    00000020                  : m3_Hwi_asm.obj (.text:ti_sysbios_family_arm_m3_Hwi_excHandlerAsm__I)
                  00006ea4    00000020                  : BIOS.obj (.text:ti_sysbios_family_arm_m3_Hwi_excHandler__I)
                  00006ec4    00000020     flash_debug_pem3.oem3 (.text:ti_sysbios_gates_GateHwi_Object__delete__S)
                  00006ee4    00000020     sysbios.aem3 : BIOS.obj (.text:ti_sysbios_knl_Idle_run__E)
                  00006f04    00000020     flash_debug_pem3.oem3 (.text:ti_sysbios_knl_Semaphore_Object__destruct__S)
                  00006f24    00000020     flash_debug_pem3.oem3 (.text:ti_uia_loggers_LoggerStopMode_Object__delete__S)
                  00006f44    00000020     ti.targets.arm.rtsarm.aem3 : Registry.oem3 (.text:xdc_runtime_Registry_findById__E)
                  00006f64    00000020                                : SysMin.oem3 (.text:xdc_runtime_SysMin_Module_startup__E)
                  00006f84    0000001e     flash_debug_pem3.oem3 (.text:ti_sysbios_BIOS_errorRaiseHook__I)
                  00006fa2    0000001e     sysbios.aem3 : m3_Hwi_asm_switch.obj (.text:ti_sysbios_family_xxx_Hwi_switchAndRunFunc)
                  00006fc0    0000001c     PINCC26XX.obj (.text:PIN_registerIntCb)
                  00006fdc    0000001c     sysbios.aem3 : BIOS.obj (.text:ti_sysbios_gates_GateMutex_Instance_init__E)
                  00006ff8    0000001c     flash_debug_pem3.oem3 (.text:ti_sysbios_knl_Queue_Object__destruct__S)
                  00007014    0000001c     sysbios.aem3 : BIOS.obj (.text:ti_sysbios_knl_Task_enter__I)
                  00007030    0000001c     ti.uia.loggers.aem3 : LoggerStopMode.oem3 (.text:ti_uia_loggers_LoggerStopMode_Instance_init__E)
                  0000704c    0000001c     ti.targets.arm.rtsarm.aem3 : Error.oem3 (.text:xdc_runtime_Error_raiseX__E)
                  00007068    0000001c     flash_debug_pem3.oem3 (.text:xdc_runtime_HeapStd_Object__delete__S)
                  00007084    0000001c     ti.targets.arm.rtsarm.aem3 : Memory.oem3 (.text:xdc_runtime_Memory_valloc__E)
                  000070a0    0000001c                                : SysMin.oem3 (.text:xdc_runtime_SysMin_exit__E)
                  000070bc    0000001c                                : System.oem3 (.text:xdc_runtime_System_abort__E)
                  000070d8    0000001a     sysbios.aem3 : m3_Hwi_asm.obj (.text:ti_sysbios_family_arm_m3_Hwi_pendSV__I)
                  000070f2    0000001a                  : BIOS.obj (.text:ti_sysbios_knl_Task_sleepTimeout__I)
                  0000710c    0000001a     flash_debug_pem3.oem3 (.text:xdc_runtime_System_aprintf__E)
                  00007126    0000001a     flash_debug_pem3.oem3 (.text:xdc_runtime_System_printf__E)
                  00007140    00000018     driverlib.lib : chipinfo.obj (.text:ChipInfo_GetPackageType)
                  00007158    00000018     lab1-main.obj (.text:pinInterruptHandler)
                  00007170    00000018     rtsv7M3_T_le_eabi.lib : args_main.obj (.text)
                  00007188    00000018                           : ll_mul_t2.obj (.text)
                  000071a0    00000018     flash_debug_pem3.oem3 (.text:ti_sysbios_BIOS_rtsUnlock__I)
                  000071b8    00000018     flash_debug_pem3.oem3 (.text:ti_sysbios_family_arm_cc26xx_Power_RFCORECLKS)
                  000071d0    00000018     flash_debug_pem3.oem3 (.text:ti_sysbios_family_arm_cc26xx_Timer_Module__startupDone__F)
                  000071e8    00000018     flash_debug_pem3.oem3 (.text:ti_sysbios_family_arm_m3_Hwi_Handle__label__S)
                  00007200    00000018     flash_debug_pem3.oem3 (.text:ti_sysbios_family_arm_m3_Hwi_Module__startupDone__F)
                  00007218    00000018     flash_debug_pem3.oem3 (.text:ti_sysbios_gates_GateHwi_Handle__label__S)
                  00007230    00000018     flash_debug_pem3.oem3 (.text:ti_sysbios_gates_GateMutex_Handle__label__S)
                  00007248    00000018     sysbios.aem3 : BIOS.obj (.text:ti_sysbios_gates_GateMutex_leave__E)
                  00007260    00000018     flash_debug_pem3.oem3 (.text:ti_sysbios_knl_Swi_Handle__label__S)
                  00007278    00000018     flash_debug_pem3.oem3 (.text:ti_sysbios_knl_Task_Handle__label__S)
                  00007290    00000018     flash_debug_pem3.oem3 (.text:ti_uia_loggers_LoggerStopMode_Handle__label__S)
                  000072a8    00000018     ti.targets.arm.rtsarm.aem3 : Error.oem3 (.text:xdc_runtime_Error_check__E)
                  000072c0    00000018     flash_debug_pem3.oem3 (.text:xdc_runtime_HeapStd_Handle__label__S)
                  000072d8    00000018     ti.targets.arm.rtsarm.aem3 : System.oem3 (.text:xdc_runtime_System_exit__E)
                  000072f0    00000018                                : Text.oem3 (.text:xdc_runtime_Text_ropeText__E)
                  00007308    00000016     rtsv7M3_T_le_eabi.lib : strcpy.obj (.text)
                  0000731e    00000016     flash_debug_pem3.oem3 (.text:ti_sysbios_BIOS_exitFunc__I)
                  00007334    00000016     PINCC26XX.obj (.text:ti_sysbios_family_arm_m3_Hwi_Params_init)
                  0000734a    00000016     sysbios.aem3 : BIOS.obj (.text:ti_sysbios_knl_Clock_start__E)
                  00007360    00000016     PINCC26XX.obj (.text:ti_sysbios_knl_Semaphore_Params_init)
                  00007376    00000016     lab1-main.obj (.text:ti_sysbios_knl_Task_Params_init)
                  0000738c    00000016     ti.uia.loggers.aem3 : LoggerStopMode.oem3 (.text:ti_uia_loggers_LoggerStopMode_disable__E)
                  000073a2    00000016                         : LoggerStopMode.oem3 (.text:ti_uia_loggers_LoggerStopMode_enable__E)
                  000073b8    00000014     PINCC26XX.obj (.text:PIN_ctz)
                  000073cc    00000014     driverlib.lib : chipinfo.obj (.text:ThisCodeIsBuiltForCC26xxHwRev22AndLater_HaltIfViolated)
                  000073e0    00000014     rtsv7M3_T_le_eabi.lib : _lock.obj (.text)
                  000073f4    00000014                           : strlen.obj (.text)
                  00007408    00000014     flash_debug_pem3.oem3 (.text:ti_sysbios_family_arm_m3_Hwi_Object__get__S)
                  0000741c    00000014     sysbios.aem3 : BIOS.obj (.text:ti_sysbios_family_arm_m3_Hwi_switchFromBootStack__E)
                  00007430    00000014     flash_debug_pem3.oem3 (.text:ti_sysbios_knl_Clock_doTick__I)
                  00007444    00000014     flash_debug_pem3.oem3 (.text:ti_sysbios_knl_Swi_Object__get__S)
                  00007458    00000012     sysbios.aem3 : BIOS.obj (.text:ti_sysbios_hal_Hwi_Module_startup__E)
                  0000746a    00000012     flash_debug_pem3.oem3 (.text:xdc_runtime_Startup_exec__I)
                  0000747c    00000010     sysbios.aem3 : BIOS.obj (.text:ti_sysbios_BIOS_setThreadType__E)
                  0000748c    00000010                  : BIOS.obj (.text:ti_sysbios_BIOS_start__E)
                  0000749c    00000010                  : m3_TaskSupport_asm.obj (.text:ti_sysbios_family_arm_m3_TaskSupport_glue)
                  000074ac    00000010                  : m3_TaskSupport_asm.obj (.text:ti_sysbios_family_arm_m3_TaskSupport_swap__E)
                  000074bc    00000010                  : BIOS.obj (.text:ti_sysbios_gates_GateMutex_Instance_finalize__E)
                  000074cc    00000010                  : BIOS.obj (.text:ti_sysbios_knl_Semaphore_Instance_finalize__E)
                  000074dc    00000010                  : BIOS.obj (.text:ti_sysbios_knl_Swi_disable__E)
                  000074ec    00000010     flash_debug_pem3.oem3 (.text:ti_sysbios_knl_Task_Object__get__S)
                  000074fc    00000010     sysbios.aem3 : BIOS.obj (.text:ti_sysbios_knl_Task_disable__E)
                  0000750c    00000010     flash_debug_pem3.oem3 (.text:ti_uia_loggers_LoggerStopMode_Object__get__S)
                  0000751c    00000010     ti.uia.loggers.aem3 : LoggerStopMode.oem3 (.text:ti_uia_loggers_LoggerStopMode_isEmpty__E)
                  0000752c    00000010     ti.targets.arm.rtsarm.aem3 : Gate.oem3 (.text:xdc_runtime_Gate_leaveSystem__E)
                  0000753c    00000010                                : Memory.oem3 (.text:xdc_runtime_Memory_free__E)
                  0000754c    00000010                                : SysMin.oem3 (.text:xdc_runtime_SysMin_ready__E)
                  0000755c    00000010                                : System.oem3 (.text:xdc_runtime_System_vsnprintf__E)
                  0000756c    0000000e     driverlib.lib : vims.obj (.text:NOROM_VIMSModeGet)
                  0000757a    0000000e     rtsv7M3_T_le_eabi.lib : copy_decompress_none.obj (.text:decompress:none)
                  00007588    0000000e     ti.targets.arm.rtsarm.aem3 : HeapStd.oem3 (.text:xdc_runtime_HeapStd_getStats__E)
                  00007596    0000000c     driverlib.lib : cpu.obj (.text:NOROM_CPUcpsid)
                  000075a2    0000000c                   : cpu.obj (.text:NOROM_CPUcpsie)
                  000075ae    0000000c     sysbios.aem3 : BIOS.obj (.text:ti_sysbios_family_arm_cc26xx_TimestampProvider_getFreq__E)
                  000075ba    00000002     --HOLE-- [fill = 0]
                  000075bc    0000000c     flash_debug_pem3.oem3 (.text:ti_sysbios_family_arm_m3_Hwi_Params__init__S)
                  000075c8    0000000c     sysbios.aem3 : BIOS.obj (.text:ti_sysbios_family_arm_m3_Hwi_disableFxn__E)
                  000075d4    0000000c                  : BIOS.obj (.text:ti_sysbios_family_arm_m3_TaskSupport_getStackAlignment__E)
                  000075e0    0000000c                  : BIOS.obj (.text:ti_sysbios_gates_GateHwi_enter__E)
                  000075ec    0000000c     flash_debug_pem3.oem3 (.text:ti_sysbios_knl_Queue_Object__get__S)
                  000075f8    0000000c     flash_debug_pem3.oem3 (.text:ti_sysbios_knl_Semaphore_Params__init__S)
                  00007604    0000000c     PINCC26XX.obj (.text:ti_sysbios_knl_Semaphore_handle)
                  00007610    0000000c     flash_debug_pem3.oem3 (.text:ti_sysbios_knl_Task_Params__init__S)
                  0000761c    0000000c     ti.targets.arm.rtsarm.aem3 : Error.oem3 (.text:xdc_runtime_Error_init__E)
                  00007628    0000000c                                : Gate.oem3 (.text:xdc_runtime_Gate_enterSystem__E)
                  00007634    0000000c                                : Memory.oem3 (.text:xdc_runtime_Memory_calloc__E)
                  00007640    0000000c                                : Memory.oem3 (.text:xdc_runtime_Memory_getMaxDefaultTypeAlign__E)
                  0000764c    0000000a     flash_debug_pem3.oem3 (.text:xdc_runtime_IHeap_alloc)
                  00007656    0000000a     flash_debug_pem3.oem3 (.text:xdc_runtime_IHeap_free)
                  00007660    00000008     sysbios.aem3 : BIOS.obj (.text:ti_sysbios_family_arm_m3_Hwi_doSwiRestore__I)
                  00007668    00000008                  : BIOS.obj (.text:ti_sysbios_family_arm_m3_Hwi_startup__E)
                  00007670    00000008                  : BIOS.obj (.text:ti_sysbios_knl_Idle_loop__E)
                  00007678    00000008     flash_debug_pem3.oem3 (.text:xdc_runtime_Text_visitRope__I)
                  00007680    00000006     driverlib.lib : cpu.obj (.text:NOROM_CPUdelay)
                  00007686    00000006     rtsv7M3_T_le_eabi.lib : copy_decompress_rle.obj (.text:decompress:rle24)
                  0000768c    00000006     sysbios.aem3 : BIOS.obj (.text:ti_sysbios_family_arm_m3_Hwi_restoreFxn__E)
                  00007692    00000006                  : BIOS.obj (.text:ti_sysbios_gates_GateHwi_leave__E)
                  00007698    00000006                  : BIOS.obj (.text:ti_sysbios_knl_Clock_stop__E)
                  0000769e    00000006                  : BIOS.obj (.text:ti_sysbios_knl_Queue_Instance_init__E)
                  000076a4    00000006     ti.targets.arm.rtsarm.aem3 : System.oem3 (.text:xdc_runtime_System_Module_startup__E)
                  000076aa    00000004     flash_debug_pem3.oem3 (.text:malloc)
                  000076ae    00000004     flash_debug_pem3.oem3 (.text:ti_sysbios_BIOS_RtsGateProxy_enter__E)
                  000076b2    00000004     flash_debug_pem3.oem3 (.text:ti_sysbios_BIOS_RtsGateProxy_leave__E)
                  000076b6    00000004     flash_debug_pem3.oem3 (.text:ti_sysbios_family_arm_cc26xx_Power_NOP)
                  000076ba    00000004     flash_debug_pem3.oem3 (.text:ti_sysbios_family_arm_m3_TaskSupport_Module__startupDone__S)
                  000076be    00000004     sysbios.aem3 : BIOS.obj (.text:ti_sysbios_gates_GateHwi_query__E)
                  000076c2    00000004                  : BIOS.obj (.text:ti_sysbios_gates_GateMutex_query__E)
                  000076c6    00000004     flash_debug_pem3.oem3 (.text:ti_sysbios_knl_Clock_TimerProxy_getCurrentTick__E)
                  000076ca    00000004     flash_debug_pem3.oem3 (.text:ti_sysbios_knl_Clock_TimerProxy_getMaxTicks__E)
                  000076ce    00000004     flash_debug_pem3.oem3 (.text:ti_sysbios_knl_Clock_TimerProxy_setNextTick__E)
                  000076d2    00000004     sysbios.aem3 : BIOS.obj (.text:ti_sysbios_knl_Clock_setTimeout__E)
                  000076d6    00000004     flash_debug_pem3.oem3 (.text:ti_sysbios_knl_Queue_destruct)
                  000076da    00000004     flash_debug_pem3.oem3 (.text:ti_sysbios_knl_Semaphore_destruct)
                  000076de    00000004     sysbios.aem3 : BIOS.obj (.text:ti_sysbios_knl_Task_startup__E)
                  000076e2    00000004     ti.uia.loggers.aem3 : LoggerStopMode.oem3 (.text:ti_uia_loggers_LoggerStopMode_getContents__E)
                  000076e6    00000004     flash_debug_pem3.oem3 (.text:ti_uia_loggers_LoggerStopMode_getFilterLevel__E)
                  000076ea    00000004     ti.uia.loggers.aem3 : LoggerStopMode.oem3 (.text:ti_uia_loggers_LoggerStopMode_getInstanceId__E)
                  000076ee    00000004                         : LoggerStopMode.oem3 (.text:ti_uia_loggers_LoggerStopMode_getMaxLength__E)
                  000076f2    00000004                         : LoggerStopMode.oem3 (.text:ti_uia_loggers_LoggerStopMode_getPriority__E)
                  000076f6    00000004                         : LoggerStopMode.oem3 (.text:ti_uia_loggers_LoggerStopMode_getTransferType__E)
                  000076fa    00000004     ti.targets.arm.rtsarm.aem3 : Error.oem3 (.text:xdc_runtime_Error_getSite__E)
                  000076fe    00000004                                : HeapStd.oem3 (.text:xdc_runtime_HeapStd_isBlocking__E)
                  00007702    00000004     flash_debug_pem3.oem3 (.text:xdc_runtime_System_Module_GateProxy_enter__E)
                  00007706    00000004     flash_debug_pem3.oem3 (.text:xdc_runtime_System_Module_GateProxy_leave__E)
                  0000770a    00000004     ti.targets.arm.rtsarm.aem3 : System.oem3 (.text:xdc_runtime_System_aprintf_va__F)
                  0000770e    00000004                                : System.oem3 (.text:xdc_runtime_System_printf_va__F)

.const     0    00007714    00000663     
                  00007714    00000060     flash_debug_pem3.oem3 (.const:ti_uia_loggers_LoggerStopMode_Module__FXNS__C)
                  00007774    0000004c     flash_debug_pem3.oem3 (.const:ti_sysbios_family_arm_cc26xx_Power_db)
                  000077c0    00000048     flash_debug_pem3.oem3 (.const:.string)
                  00007808    0000003c     flash_debug_pem3.oem3 (.const:ti_sysbios_knl_Task_Object__PARAMS__C)
                  00007844    00000030     flash_debug_pem3.oem3 (.const:ti_sysbios_family_arm_m3_Hwi_Object__PARAMS__C)
                  00007874    0000002c     flash_debug_pem3.oem3 (.const:xdc_runtime_Startup_sfxnTab__A)
                  000078a0    00000028     flash_debug_pem3.oem3 (.const:ti_uia_loggers_LoggerStopMode_Object__PARAMS__C)
                  000078c8    00000028     flash_debug_pem3.oem3 (.const:xdc_runtime_HeapStd_Module__FXNS__C)
                  000078f0    00000024     flash_debug_pem3.oem3 (.const:ti_sysbios_gates_GateHwi_Module__FXNS__C)
                  00007914    00000024     flash_debug_pem3.oem3 (.const:ti_sysbios_gates_GateMutex_Module__FXNS__C)
                  00007938    00000024     flash_debug_pem3.oem3 (.const:ti_sysbios_knl_Semaphore_Object__PARAMS__C)
                  0000795c    00000020     flash_debug_pem3.oem3 (.const:ti_sysbios_family_arm_m3_Hwi_Object__DESC__C)
                  0000797c    00000020     flash_debug_pem3.oem3 (.const:ti_sysbios_gates_GateHwi_Object__DESC__C)
                  0000799c    00000020     flash_debug_pem3.oem3 (.const:ti_sysbios_gates_GateMutex_Object__DESC__C)
                  000079bc    00000020     flash_debug_pem3.oem3 (.const:ti_sysbios_knl_Queue_Object__DESC__C)
                  000079dc    00000020     flash_debug_pem3.oem3 (.const:ti_sysbios_knl_Semaphore_Object__DESC__C)
                  000079fc    00000020     flash_debug_pem3.oem3 (.const:ti_sysbios_knl_Task_Object__DESC__C)
                  00007a1c    00000020     flash_debug_pem3.oem3 (.const:ti_uia_loggers_LoggerStopMode_Object__DESC__C)
                  00007a3c    00000020     flash_debug_pem3.oem3 (.const:xdc_runtime_HeapStd_Object__DESC__C)
                  00007a5c    0000001c     flash_debug_pem3.oem3 (.const:xdc_runtime_HeapStd_Object__PARAMS__C)
                  00007a78    00000018     flash_debug_pem3.oem3 (.const:ti_sysbios_gates_GateHwi_Object__PARAMS__C)
                  00007a90    00000018     flash_debug_pem3.oem3 (.const:ti_sysbios_gates_GateMutex_Object__PARAMS__C)
                  00007aa8    00000018     flash_debug_pem3.oem3 (.const:ti_sysbios_knl_Queue_Object__PARAMS__C)
                  00007ac0    00000016     flash_debug_pem3.oem3 (.const:xdc_runtime_Startup_sfxnRts__A)
                  00007ad6    00000011     ti.targets.arm.rtsarm.aem3 : System.oem3 (.const:.string)
                  00007ae7    00000001     flash_debug_pem3.oem3 (.const:xdc_runtime_Error_policy__C)
                  00007ae8    00000008     flash_debug_pem3.oem3 (.const:ti_sysbios_family_arm_m3_Hwi_excHookFuncs__A)
                  00007af0    00000008     flash_debug_pem3.oem3 (.const:ti_sysbios_knl_Idle_funcList__A)
                  00007af8    00000008     flash_debug_pem3.oem3 (.const:ti_sysbios_knl_Idle_funcList__C)
                  00007b00    00000008     flash_debug_pem3.oem3 (.const:xdc_runtime_Startup_firstFxns__A)
                  00007b08    00000008     flash_debug_pem3.oem3 (.const:xdc_runtime_Startup_firstFxns__C)
                  00007b10    00000008     flash_debug_pem3.oem3 (.const:xdc_runtime_Startup_lastFxns__C)
                  00007b18    00000004     flash_debug_pem3.oem3 (.const)
                  00007b1c    00000004     flash_debug_pem3.oem3 (.const:ti_sysbios_family_arm_cc26xx_Power_Module_State_clockObj__O)
                  00007b20    00000004     flash_debug_pem3.oem3 (.const:ti_sysbios_family_arm_cc26xx_Power_Module_State_lfClockObj__O)
                  00007b24    00000004     flash_debug_pem3.oem3 (.const:ti_sysbios_family_arm_cc26xx_Power_Module_State_notifyQ__O)
                  00007b28    00000004     flash_debug_pem3.oem3 (.const:ti_sysbios_family_arm_cc26xx_Power_notifyTrapFunc__C)
                  00007b2c    00000004     flash_debug_pem3.oem3 (.const:ti_sysbios_family_arm_cc26xx_Power_totalTicksSTANDBY__C)
                  00007b30    00000004     flash_debug_pem3.oem3 (.const:ti_sysbios_family_arm_cc26xx_Power_wakeDelaySTANDBY__C)
                  00007b34    00000004     flash_debug_pem3.oem3 (.const:ti_sysbios_family_arm_cc26xx_Timer_startupNeeded__C)
                  00007b38    00000004     flash_debug_pem3.oem3 (.const:ti_sysbios_family_arm_m3_Hwi_E_NMI__C)
                  00007b3c    00000004     flash_debug_pem3.oem3 (.const:ti_sysbios_family_arm_m3_Hwi_E_alreadyDefined__C)
                  00007b40    00000004     flash_debug_pem3.oem3 (.const:ti_sysbios_family_arm_m3_Hwi_E_busFault__C)
                  00007b44    00000004     flash_debug_pem3.oem3 (.const:ti_sysbios_family_arm_m3_Hwi_E_debugMon__C)
                  00007b48    00000004     flash_debug_pem3.oem3 (.const:ti_sysbios_family_arm_m3_Hwi_E_hardFault__C)
                  00007b4c    00000004     flash_debug_pem3.oem3 (.const:ti_sysbios_family_arm_m3_Hwi_E_memFault__C)
                  00007b50    00000004     flash_debug_pem3.oem3 (.const:ti_sysbios_family_arm_m3_Hwi_E_noIsr__C)
                  00007b54    00000004     flash_debug_pem3.oem3 (.const:ti_sysbios_family_arm_m3_Hwi_E_reserved__C)
                  00007b58    00000004     flash_debug_pem3.oem3 (.const:ti_sysbios_family_arm_m3_Hwi_E_svCall__C)
                  00007b5c    00000004     flash_debug_pem3.oem3 (.const:ti_sysbios_family_arm_m3_Hwi_E_usageFault__C)
                  00007b60    00000004     flash_debug_pem3.oem3 (.const:ti_sysbios_family_arm_m3_Hwi_LD_end__C)
                  00007b64    00000004     flash_debug_pem3.oem3 (.const:ti_sysbios_family_arm_m3_Hwi_LM_begin__C)
                  00007b68    00000004     flash_debug_pem3.oem3 (.const:ti_sysbios_family_arm_m3_Hwi_Module__diagsEnabled__C)
                  00007b6c    00000004     flash_debug_pem3.oem3 (.const:ti_sysbios_family_arm_m3_Hwi_Module__diagsIncluded__C)
                  00007b70    00000004     flash_debug_pem3.oem3 (.const:ti_sysbios_family_arm_m3_Hwi_Module__diagsMask__C)
                  00007b74    00000004     flash_debug_pem3.oem3 (.const:ti_sysbios_family_arm_m3_Hwi_Module__loggerFxn1__C)
                  00007b78    00000004     flash_debug_pem3.oem3 (.const:ti_sysbios_family_arm_m3_Hwi_Module__loggerFxn8__C)
                  00007b7c    00000004     flash_debug_pem3.oem3 (.const:ti_sysbios_family_arm_m3_Hwi_Module__loggerObj__C)
                  00007b80    00000004     flash_debug_pem3.oem3 (.const:ti_sysbios_family_arm_m3_Hwi_NUM_INTERRUPTS__C)
                  00007b84    00000004     flash_debug_pem3.oem3 (.const:ti_sysbios_family_arm_m3_Hwi_Object__count__C)
                  00007b88    00000004     flash_debug_pem3.oem3 (.const:ti_sysbios_family_arm_m3_Hwi_ccr__C)
                  00007b8c    00000004     flash_debug_pem3.oem3 (.const:ti_sysbios_family_arm_m3_Hwi_excHandlerFunc__C)
                  00007b90    00000004     flash_debug_pem3.oem3 (.const:ti_sysbios_family_arm_m3_Hwi_excHookFuncs__C)
                  00007b94    00000004     flash_debug_pem3.oem3 (.const:ti_sysbios_family_arm_m3_Hwi_nullIsrFunc__C)
                  00007b98    00000004     flash_debug_pem3.oem3 (.const:ti_sysbios_family_arm_m3_Hwi_priGroup__C)
                  00007b9c    00000004     flash_debug_pem3.oem3 (.const:ti_sysbios_family_arm_m3_TaskSupport_stackAlignment__C)
                  00007ba0    00000004     flash_debug_pem3.oem3 (.const:ti_sysbios_gates_GateMutex_Instance_State_sem__O)
                  00007ba4    00000004     flash_debug_pem3.oem3 (.const:ti_sysbios_knl_Clock_LM_begin__C)
                  00007ba8    00000004     flash_debug_pem3.oem3 (.const:ti_sysbios_knl_Clock_LM_tick__C)
                  00007bac    00000004     flash_debug_pem3.oem3 (.const:ti_sysbios_knl_Clock_Module_State_clockQ__O)
                  00007bb0    00000004     flash_debug_pem3.oem3 (.const:ti_sysbios_knl_Clock_Module__diagsEnabled__C)
                  00007bb4    00000004     flash_debug_pem3.oem3 (.const:ti_sysbios_knl_Clock_Module__diagsIncluded__C)
                  00007bb8    00000004     flash_debug_pem3.oem3 (.const:ti_sysbios_knl_Clock_Module__diagsMask__C)
                  00007bbc    00000004     flash_debug_pem3.oem3 (.const:ti_sysbios_knl_Clock_Module__loggerFxn1__C)
                  00007bc0    00000004     flash_debug_pem3.oem3 (.const:ti_sysbios_knl_Clock_Module__loggerFxn2__C)
                  00007bc4    00000004     flash_debug_pem3.oem3 (.const:ti_sysbios_knl_Clock_Module__loggerObj__C)
                  00007bc8    00000004     flash_debug_pem3.oem3 (.const:ti_sysbios_knl_Clock_tickPeriod__C)
                  00007bcc    00000004     flash_debug_pem3.oem3 (.const:ti_sysbios_knl_Semaphore_Instance_State_pendQ__O)
                  00007bd0    00000004     flash_debug_pem3.oem3 (.const:ti_sysbios_knl_Semaphore_LM_pend__C)
                  00007bd4    00000004     flash_debug_pem3.oem3 (.const:ti_sysbios_knl_Semaphore_LM_post__C)
                  00007bd8    00000004     flash_debug_pem3.oem3 (.const:ti_sysbios_knl_Semaphore_Module__diagsEnabled__C)
                  00007bdc    00000004     flash_debug_pem3.oem3 (.const:ti_sysbios_knl_Semaphore_Module__diagsIncluded__C)
                  00007be0    00000004     flash_debug_pem3.oem3 (.const:ti_sysbios_knl_Semaphore_Module__diagsMask__C)
                  00007be4    00000004     flash_debug_pem3.oem3 (.const:ti_sysbios_knl_Semaphore_Module__loggerFxn2__C)
                  00007be8    00000004     flash_debug_pem3.oem3 (.const:ti_sysbios_knl_Semaphore_Module__loggerFxn4__C)
                  00007bec    00000004     flash_debug_pem3.oem3 (.const:ti_sysbios_knl_Semaphore_Module__loggerObj__C)
                  00007bf0    00000004     flash_debug_pem3.oem3 (.const:ti_sysbios_knl_Swi_LD_end__C)
                  00007bf4    00000004     flash_debug_pem3.oem3 (.const:ti_sysbios_knl_Swi_LM_begin__C)
                  00007bf8    00000004     flash_debug_pem3.oem3 (.const:ti_sysbios_knl_Swi_LM_post__C)
                  00007bfc    00000004     flash_debug_pem3.oem3 (.const:ti_sysbios_knl_Swi_Module__diagsEnabled__C)
                  00007c00    00000004     flash_debug_pem3.oem3 (.const:ti_sysbios_knl_Swi_Module__diagsIncluded__C)
                  00007c04    00000004     flash_debug_pem3.oem3 (.const:ti_sysbios_knl_Swi_Module__diagsMask__C)
                  00007c08    00000004     flash_debug_pem3.oem3 (.const:ti_sysbios_knl_Swi_Module__loggerFxn1__C)
                  00007c0c    00000004     flash_debug_pem3.oem3 (.const:ti_sysbios_knl_Swi_Module__loggerFxn4__C)
                  00007c10    00000004     flash_debug_pem3.oem3 (.const:ti_sysbios_knl_Swi_Module__loggerObj__C)
                  00007c14    00000004     flash_debug_pem3.oem3 (.const:ti_sysbios_knl_Swi_Object__count__C)
                  00007c18    00000004     flash_debug_pem3.oem3 (.const:ti_sysbios_knl_Task_LD_block__C)
                  00007c1c    00000004     flash_debug_pem3.oem3 (.const:ti_sysbios_knl_Task_LD_exit__C)
                  00007c20    00000004     flash_debug_pem3.oem3 (.const:ti_sysbios_knl_Task_LD_ready__C)
                  00007c24    00000004     flash_debug_pem3.oem3 (.const:ti_sysbios_knl_Task_LM_sleep__C)
                  00007c28    00000004     flash_debug_pem3.oem3 (.const:ti_sysbios_knl_Task_LM_switch__C)
                  00007c2c    00000004     flash_debug_pem3.oem3 (.const:ti_sysbios_knl_Task_Module_State_inactiveQ__O)
                  00007c30    00000004     flash_debug_pem3.oem3 (.const:ti_sysbios_knl_Task_Module__diagsEnabled__C)
                  00007c34    00000004     flash_debug_pem3.oem3 (.const:ti_sysbios_knl_Task_Module__diagsIncluded__C)
                  00007c38    00000004     flash_debug_pem3.oem3 (.const:ti_sysbios_knl_Task_Module__diagsMask__C)
                  00007c3c    00000004     flash_debug_pem3.oem3 (.const:ti_sysbios_knl_Task_Module__loggerFxn2__C)
                  00007c40    00000004     flash_debug_pem3.oem3 (.const:ti_sysbios_knl_Task_Module__loggerFxn4__C)
                  00007c44    00000004     flash_debug_pem3.oem3 (.const:ti_sysbios_knl_Task_Module__loggerObj__C)
                  00007c48    00000004     flash_debug_pem3.oem3 (.const:ti_sysbios_knl_Task_Object__count__C)
                  00007c4c    00000004     flash_debug_pem3.oem3 (.const:ti_sysbios_knl_Task_allBlockedFunc__C)
                  00007c50    00000004     flash_debug_pem3.oem3 (.const:ti_sysbios_knl_Task_defaultStackHeap__C)
                  00007c54    00000004     flash_debug_pem3.oem3 (.const:ti_sysbios_knl_Task_defaultStackSize__C)
                  00007c58    00000004     flash_debug_pem3.oem3 (.const:ti_sysbios_knl_Task_numConstructedTasks__C)
                  00007c5c    00000004     flash_debug_pem3.oem3 (.const:ti_sysbios_utils_Load_LS_cpuLoad__C)
                  00007c60    00000004     flash_debug_pem3.oem3 (.const:ti_sysbios_utils_Load_Module__diagsEnabled__C)
                  00007c64    00000004     flash_debug_pem3.oem3 (.const:ti_sysbios_utils_Load_Module__diagsIncluded__C)
                  00007c68    00000004     flash_debug_pem3.oem3 (.const:ti_sysbios_utils_Load_Module__diagsMask__C)
                  00007c6c    00000004     flash_debug_pem3.oem3 (.const:ti_sysbios_utils_Load_Module__loggerFxn1__C)
                  00007c70    00000004     flash_debug_pem3.oem3 (.const:ti_sysbios_utils_Load_Module__loggerObj__C)
                  00007c74    00000004     flash_debug_pem3.oem3 (.const:ti_sysbios_utils_Load_postUpdate__C)
                  00007c78    00000004     flash_debug_pem3.oem3 (.const:ti_sysbios_utils_Load_windowInMs__C)
                  00007c7c    00000004     flash_debug_pem3.oem3 (.const:ti_uia_loggers_LoggerStopMode_Module__diagsEnabled__C)
                  00007c80    00000004     flash_debug_pem3.oem3 (.const:ti_uia_loggers_LoggerStopMode_Module__diagsIncluded__C)
                  00007c84    00000004     flash_debug_pem3.oem3 (.const:ti_uia_loggers_LoggerStopMode_Module__diagsMask__C)
                  00007c88    00000004     flash_debug_pem3.oem3 (.const:ti_uia_loggers_LoggerStopMode_Object__count__C)
                  00007c8c    00000004     flash_debug_pem3.oem3 (.const:ti_uia_runtime_ILoggerSnapshot_Interface__BASE__C)
                  00007c90    00000004     flash_debug_pem3.oem3 (.const:ti_uia_runtime_IUIATransfer_Interface__BASE__C)
                  00007c94    00000004     flash_debug_pem3.oem3 (.const:xdc_runtime_Assert_E_assertFailed__C)
                  00007c98    00000004     flash_debug_pem3.oem3 (.const:xdc_runtime_Core_A_initializedParams__C)
                  00007c9c    00000004     flash_debug_pem3.oem3 (.const:xdc_runtime_Core_Module__diagsEnabled__C)
                  00007ca0    00000004     flash_debug_pem3.oem3 (.const:xdc_runtime_Core_Module__diagsIncluded__C)
                  00007ca4    00000004     flash_debug_pem3.oem3 (.const:xdc_runtime_Core_Module__diagsMask__C)
                  00007ca8    00000004     flash_debug_pem3.oem3 (.const:xdc_runtime_Error_E_memory__C)
                  00007cac    00000004     flash_debug_pem3.oem3 (.const:xdc_runtime_Error_Module__diagsEnabled__C)
                  00007cb0    00000004     flash_debug_pem3.oem3 (.const:xdc_runtime_Error_Module__diagsIncluded__C)
                  00007cb4    00000004     flash_debug_pem3.oem3 (.const:xdc_runtime_Error_Module__diagsMask__C)
                  00007cb8    00000004     flash_debug_pem3.oem3 (.const:xdc_runtime_Error_Module__loggerFxn8__C)
                  00007cbc    00000004     flash_debug_pem3.oem3 (.const:xdc_runtime_Error_Module__loggerObj__C)
                  00007cc0    00000004     flash_debug_pem3.oem3 (.const:xdc_runtime_Error_policyFxn__C)
                  00007cc4    00000004     flash_debug_pem3.oem3 (.const:xdc_runtime_Error_raiseHook__C)
                  00007cc8    00000004     flash_debug_pem3.oem3 (.const:xdc_runtime_HeapStd_A_align__C)
                  00007ccc    00000004     flash_debug_pem3.oem3 (.const:xdc_runtime_HeapStd_A_invalidTotalFreeSize__C)
                  00007cd0    00000004     flash_debug_pem3.oem3 (.const:xdc_runtime_HeapStd_A_zeroSize__C)
                  00007cd4    00000004     flash_debug_pem3.oem3 (.const:xdc_runtime_HeapStd_E_noRTSMemory__C)
                  00007cd8    00000004     flash_debug_pem3.oem3 (.const:xdc_runtime_HeapStd_Module__diagsEnabled__C)
                  00007cdc    00000004     flash_debug_pem3.oem3 (.const:xdc_runtime_HeapStd_Module__diagsIncluded__C)
                  00007ce0    00000004     flash_debug_pem3.oem3 (.const:xdc_runtime_HeapStd_Module__diagsMask__C)
                  00007ce4    00000004     flash_debug_pem3.oem3 (.const:xdc_runtime_IFilterLogger_Interface__BASE__C)
                  00007ce8    00000004     flash_debug_pem3.oem3 (.const:xdc_runtime_IGateProvider_Interface__BASE__C)
                  00007cec    00000004     flash_debug_pem3.oem3 (.const:xdc_runtime_IHeap_Interface__BASE__C)
                  00007cf0    00000004     flash_debug_pem3.oem3 (.const:xdc_runtime_ILogger_Interface__BASE__C)
                  00007cf4    00000004     flash_debug_pem3.oem3 (.const:xdc_runtime_IModule_Interface__BASE__C)
                  00007cf8    00000004     flash_debug_pem3.oem3 (.const:xdc_runtime_Log_L_error__C)
                  00007cfc    00000004     flash_debug_pem3.oem3 (.const:xdc_runtime_Memory_defaultHeapInstance__C)
                  00007d00    00000004     flash_debug_pem3.oem3 (.const:xdc_runtime_Startup_execImpl__C)
                  00007d04    00000004     flash_debug_pem3.oem3 (.const:xdc_runtime_Startup_maxPasses__C)
                  00007d08    00000004     flash_debug_pem3.oem3 (.const:xdc_runtime_Startup_sfxnRts__C)
                  00007d0c    00000004     flash_debug_pem3.oem3 (.const:xdc_runtime_Startup_sfxnTab__C)
                  00007d10    00000004     flash_debug_pem3.oem3 (.const:xdc_runtime_SysMin_bufSize__C)
                  00007d14    00000004     flash_debug_pem3.oem3 (.const:xdc_runtime_SysMin_outputFunc__C)
                  00007d18    00000004     flash_debug_pem3.oem3 (.const:xdc_runtime_System_Module__gateObj__C)
                  00007d1c    00000004     flash_debug_pem3.oem3 (.const:xdc_runtime_System_abortFxn__C)
                  00007d20    00000004     flash_debug_pem3.oem3 (.const:xdc_runtime_System_exitFxn__C)
                  00007d24    00000004     flash_debug_pem3.oem3 (.const:xdc_runtime_System_extendFxn__C)
                  00007d28    00000004     flash_debug_pem3.oem3 (.const:xdc_runtime_System_maxAtexitHandlers__C)
                  00007d2c    00000004     flash_debug_pem3.oem3 (.const:xdc_runtime_Text_charTab__C)
                  00007d30    00000004     flash_debug_pem3.oem3 (.const:xdc_runtime_Text_nameEmpty__C)
                  00007d34    00000004     flash_debug_pem3.oem3 (.const:xdc_runtime_Text_nameStatic__C)
                  00007d38    00000004     flash_debug_pem3.oem3 (.const:xdc_runtime_Text_nameUnknown__C)
                  00007d3c    00000004     flash_debug_pem3.oem3 (.const:xdc_runtime_Text_visitRopeFxn__C)
                  00007d40    00000002     flash_debug_pem3.oem3 (.const:ti_sysbios_family_arm_cc26xx_TimestampProvider_useClockTimer__C)
                  00007d42    00000002     flash_debug_pem3.oem3 (.const:ti_sysbios_family_arm_m3_Hwi_Module__id__C)
                  00007d44    00000002     flash_debug_pem3.oem3 (.const:ti_sysbios_family_arm_m3_Hwi_Module__loggerDefined__C)
                  00007d46    00000002     flash_debug_pem3.oem3 (.const:ti_sysbios_knl_Clock_Module__id__C)
                  00007d48    00000002     flash_debug_pem3.oem3 (.const:ti_sysbios_knl_Clock_Module__loggerDefined__C)
                  00007d4a    00000002     flash_debug_pem3.oem3 (.const:ti_sysbios_knl_Semaphore_Module__id__C)
                  00007d4c    00000002     flash_debug_pem3.oem3 (.const:ti_sysbios_knl_Semaphore_Module__loggerDefined__C)
                  00007d4e    00000002     flash_debug_pem3.oem3 (.const:ti_sysbios_knl_Swi_Module__id__C)
                  00007d50    00000002     flash_debug_pem3.oem3 (.const:ti_sysbios_knl_Swi_Module__loggerDefined__C)
                  00007d52    00000002     flash_debug_pem3.oem3 (.const:ti_sysbios_knl_Task_Module__id__C)
                  00007d54    00000002     flash_debug_pem3.oem3 (.const:ti_sysbios_knl_Task_Module__loggerDefined__C)
                  00007d56    00000002     flash_debug_pem3.oem3 (.const:ti_sysbios_knl_Task_initStackFlag__C)
                  00007d58    00000002     flash_debug_pem3.oem3 (.const:ti_sysbios_utils_Load_Module__id__C)
                  00007d5a    00000002     flash_debug_pem3.oem3 (.const:ti_sysbios_utils_Load_Module__loggerDefined__C)
                  00007d5c    00000002     flash_debug_pem3.oem3 (.const:ti_sysbios_utils_Load_updateInIdle__C)
                  00007d5e    00000002     flash_debug_pem3.oem3 (.const:ti_uia_loggers_LoggerStopMode_Module__id__C)
                  00007d60    00000002     flash_debug_pem3.oem3 (.const:ti_uia_loggers_LoggerStopMode_isTimestampEnabled__C)
                  00007d62    00000002     flash_debug_pem3.oem3 (.const:xdc_runtime_Core_Module__id__C)
                  00007d64    00000002     flash_debug_pem3.oem3 (.const:xdc_runtime_Error_Module__loggerDefined__C)
                  00007d66    00000002     flash_debug_pem3.oem3 (.const:xdc_runtime_Error_maxDepth__C)
                  00007d68    00000002     flash_debug_pem3.oem3 (.const:xdc_runtime_HeapStd_Module__id__C)
                  00007d6a    00000002     flash_debug_pem3.oem3 (.const:xdc_runtime_Memory_Module__id__C)
                  00007d6c    00000002     flash_debug_pem3.oem3 (.const:xdc_runtime_SysMin_flushAtExit__C)
                  00007d6e    00000002     flash_debug_pem3.oem3 (.const:xdc_runtime_Text_charCnt__C)
                  00007d70    00000002     flash_debug_pem3.oem3 (.const:xdc_runtime_Text_isLoaded__C)
                  00007d72    00000002     flash_debug_pem3.oem3 (.const:xdc_runtime_Text_registryModsLastId__C)
                  00007d74    00000002     flash_debug_pem3.oem3 (.const:xdc_runtime_Text_unnamedModsLastId__C)
                  00007d76    00000001     flash_debug_pem3.oem3 (.const:xdc_runtime_Text_charTab__A)

.cinit     0    00007d78    000003d4     
                  00007d78    00000398     (.cinit..data.load) [load image, compression = rle]
                  00008110    0000000b     (.cinit..bss.load) [load image, compression = rle]
                  0000811b    00000005     --HOLE-- [fill = 0]
                  00008120    00000009     (.cinit..vecs.load) [load image, compression = rle]
                  00008129    00000003     --HOLE-- [fill = 0]
                  0000812c    00000008     (__TI_handler_table)
                  00008134    00000018     (__TI_cinit_table)

.init_array 
*          0    00000000    00000000     UNINITIALIZED

.ccfg      0    0001ffa8    00000058     
                  0001ffa8    00000058     ccfg.obj (.ccfg:retain)

.resetVecs 
*          0    00000000    0000003c     
                  00000000    0000003c     flash_debug_pem3.oem3 (.resetVecs)

.vecs      0    20000000    000000dc     UNINITIALIZED
                  20000000    000000dc     flash_debug_pem3.oem3 (.vecs)

.bss       0    20000100    000020b0     UNINITIALIZED
                  20000100    00000800     flash_debug_pem3.oem3 (.bss:taskStackSection)
                  20000900    00000800     (.common:ti_uia_loggers_LoggerStopMode_Instance_State_2_packetArray__A)
                  20001100    00000400     (.common:ti_uia_loggers_LoggerStopMode_Instance_State_1_packetArray__A)
                  20001500    00000400     (.common:xdc_runtime_SysMin_Module_State_0_outbuf__A)
                  20001900    00000200     (.common:ti_uia_loggers_LoggerStopMode_Instance_State_0_packetArray__A)
                  20001b00    00000120     rtsv7M3_T_le_eabi.lib : trgmsg.obj (.bss:_CIOBUF_)
                  20001c20    00000100     lab1-main.obj (.bss:urgentTaskStack)
                  20001d20    00000100     lab1-main.obj (.bss:workTaskStack)
                  20001e20    000000dc     (.common:ti_sysbios_family_arm_m3_Hwi_dispatchTable)
                  20001efc    0000007c     (.common:PIN_HandleTable)
                  20001f78    00000050     (.common:urgentTask)
                  20001fc8    00000050     (.common:workTask)
                  20002018    00000020     PINCC26XX.obj (.bss:PinGpioConfigTable)
                  20002038    0000001c     PINCC26XX.obj (.bss:PinHwi)
                  20002054    0000001c     PINCC26XX.obj (.bss:PinSem)
                  20002070    0000000c     lab1-main.obj (.bss:pinState)
                  2000207c    00000004     PINCC26XX.obj (.bss)
                  20002080    00000030     (.common:ti_uia_loggers_LoggerStopMode_Instance_State_0_hdr__A)
                  200020b0    00000014     (.common:oscHfGlobals)
                  200020c4    00000008     rtsv7M3_T_le_eabi.lib : trgdrv.obj (.bss:parmbuf)
                  200020cc    00000008     (.common:powerQualGlobals)
                  200020d4    00000004     lab1-main.obj (.bss)
                  200020d8    00000004     (.common:PIN_NumPins)
                  200020dc    00000001     (.common:driverlib_release_0_43243)
                  200020dd    00000023     --HOLE--
                  20002100    00000030     (.common:ti_uia_loggers_LoggerStopMode_Instance_State_1_hdr__A)
                  20002130    00000050     --HOLE--
                  20002180    00000030     (.common:ti_uia_loggers_LoggerStopMode_Instance_State_2_hdr__A)

.data      0    200021b0    000005d2     UNINITIALIZED
                  200021b0    0000009c     flash_debug_pem3.oem3 (.data:ti_uia_loggers_LoggerStopMode_Object__table__V)
                  2000224c    00000098     flash_debug_pem3.oem3 (.data:ti_sysbios_utils_Load_Module__state__V)
                  200022e4    00000080     flash_debug_pem3.oem3 (.data:ti_sysbios_knl_Swi_Module_State_0_readyQ__A)
                  20002364    00000070     flash_debug_pem3.oem3 (.data:ti_sysbios_family_arm_cc26xx_Power_Module__state__V)
                  200023d4    0000005c     Board.obj (.data:BoardGpioInitTable)
                  20002430    0000004c     flash_debug_pem3.oem3 (.data:ti_sysbios_knl_Task_Object__table__V)
                  2000247c    00000004     rtsv7M3_T_le_eabi.lib : stkdepth_vars.obj (.data)
                  20002480    00000048     flash_debug_pem3.oem3 (.data:ti_sysbios_family_arm_cc26xx_Timer_Object__table__V)
                  200024c8    00000044     flash_debug_pem3.oem3 (.data:ti_sysbios_knl_Task_Module__state__V)
                  2000250c    00000034     flash_debug_pem3.oem3 (.data:ti_sysbios_family_arm_m3_Hwi_Module__state__V)
                  20002540    00000030     flash_debug_pem3.oem3 (.data:ti_sysbios_family_arm_m3_Hwi_Object__table__V)
                  20002570    00000030     flash_debug_pem3.oem3 (.data:ti_sysbios_knl_Swi_Object__table__V)
                  200025a0    0000002c     flash_debug_pem3.oem3 (.data:ti_sysbios_knl_Clock_Module__state__V)
                  200025cc    00000024     flash_debug_pem3.oem3 (.data:ti_sysbios_BIOS_Module__state__V)
                  200025f0    00000020     flash_debug_pem3.oem3 (.data:ti_sysbios_knl_Task_Module_State_0_readyQ__A)
                  20002610    0000001c     sysbios.aem3 : BIOS.obj (.data:$O1$$)
                  2000262c    0000001c     flash_debug_pem3.oem3 (.data:ti_sysbios_gates_GateMutex_Object__table__V)
                  20002648    0000001c     flash_debug_pem3.oem3 (.data:ti_sysbios_knl_Swi_Module__state__V)
                  20002664    00000014     flash_debug_pem3.oem3 (.data:ti_sysbios_knl_Semaphore_Object__table__V)
                  20002678    00000013     flash_debug_pem3.oem3 (.data:ti_sysbios_family_arm_cc26xx_Power_refCount)
                  2000268b    00000001     --HOLE--
                  2000268c    00000010     lab1-main.obj (.data:pinTable)
                  2000269c    0000000c     rtsv7M3_T_le_eabi.lib : exit.obj (.data:$O1$$)
                  200026a8    0000000c     flash_debug_pem3.oem3 (.data:ti_sysbios_family_arm_cc26xx_Power_resourceHandlers)
                  200026b4    0000000c     flash_debug_pem3.oem3 (.data:ti_sysbios_knl_Task_Module__root__V)
                  200026c0    0000000c     flash_debug_pem3.oem3 (.data:ti_uia_runtime_QueueDescriptor_Module__state__V)
                  200026cc    0000000c     flash_debug_pem3.oem3 (.data:xdc_runtime_HeapStd_Object__table__V)
                  200026d8    0000000c     flash_debug_pem3.oem3 (.data:xdc_runtime_SysMin_Module__state__V)
                  200026e4    00000008     rtsv7M3_T_le_eabi.lib : _lock.obj (.data:$O1$$)
                  200026ec    00000008     ti.uia.runtime.aem3 : QueueDescriptor.oem3 (.data)
                  200026f4    00000008     flash_debug_pem3.oem3 (.data:ti_sysbios_family_arm_cc26xx_Timer_Module__state__V)
                  200026fc    00000008     flash_debug_pem3.oem3 (.data:ti_sysbios_family_arm_m3_Hwi_Module__root__V)
                  20002704    00000008     flash_debug_pem3.oem3 (.data:ti_sysbios_gates_GateHwi_Module__root__V)
                  2000270c    00000008     flash_debug_pem3.oem3 (.data:ti_sysbios_gates_GateMutex_Module__root__V)
                  20002714    00000008     flash_debug_pem3.oem3 (.data:ti_sysbios_knl_Queue_Module__root__V)
                  2000271c    00000008     flash_debug_pem3.oem3 (.data:ti_sysbios_knl_Semaphore_Module__root__V)
                  20002724    00000008     flash_debug_pem3.oem3 (.data:ti_uia_loggers_LoggerStopMode_Module__root__V)
                  2000272c    00000008     flash_debug_pem3.oem3 (.data:xdc_runtime_HeapStd_Module__root__V)
                  20002734    00000008     flash_debug_pem3.oem3 (.data:xdc_runtime_Registry_Module__state__V)
                  2000273c    00000008     flash_debug_pem3.oem3 (.data:xdc_runtime_Startup_Module__state__V)
                  20002744    00000008     flash_debug_pem3.oem3 (.data:xdc_runtime_System_Module_State_0_atexitHandlers__A)
                  2000274c    00000008     flash_debug_pem3.oem3 (.data:xdc_runtime_System_Module__state__V)
                  20002754    00000005     flash_debug_pem3.oem3 (.data:ti_sysbios_family_arm_cc26xx_Power_constraintCounts)
                  20002759    00000001     --HOLE--
                  2000275a    00000002     flash_debug_pem3.oem3 (.data:ti_sysbios_family_arm_m3_Hwi_Module_State_0_excActive__A)
                  2000275c    00000004     flash_debug_pem3.oem3 (.data:ti_sysbios_family_arm_cc26xx_TimestampProvider_Module__state__V)
                  20002760    00000004     flash_debug_pem3.oem3 (.data:ti_sysbios_family_arm_m3_Hwi_Module_State_0_excContext__A)
                  20002764    00000004     flash_debug_pem3.oem3 (.data:ti_sysbios_family_arm_m3_Hwi_Module_State_0_excStack__A)
                  20002768    00000004     flash_debug_pem3.oem3 (.data:ti_sysbios_gates_GateHwi_Object__table__V)
                  2000276c    00000004     flash_debug_pem3.oem3 (.data:ti_sysbios_knl_Task_Module_State_0_idleTask__A)
                  20002770    00000004     flash_debug_pem3.oem3 (.data:ti_sysbios_utils_Load_Module_State_0_runningTask__A)
                  20002774    00000004     flash_debug_pem3.oem3 (.data:ti_sysbios_utils_Load_Module_State_0_taskStartTime__A)
                  20002778    00000004     flash_debug_pem3.oem3 (.data:xdc_runtime_HeapStd_Module__state__V)
                  2000277c    00000004     flash_debug_pem3.oem3 (.data:xdc_runtime_Memory_Module__state__V)
                  20002780    00000002     flash_debug_pem3.oem3 (.data:xdc_runtime_Error_Module__state__V)

.stack     0    20004c00    00000400     UNINITIALIZED
                  20004c00    00000400     --HOLE--

.bootVecs 
*          0    00000000    00000008     DSECT
                  00000000    00000008     boot.aem3 : boot.oem3 (.bootVecs)

xdc.meta   0    00000000    000000fd     COPY SECTION
                  00000000    000000fd     flash_debug_pem3.oem3 (xdc.meta)

xdc.noload 
*          0    00000000    00000000     COPY SECTION

MODULE SUMMARY

       Module                     code    ro data   rw data
       ------                     ----    -------   -------
    .\
       lab1-main.obj              466     0         704    
       Board.obj                  0       0         92     
    +--+--------------------------+-------+---------+---------+
       Total:                     466     0         796    
                                                           
    .\PIN\
       PINCC26XX.obj              1608    0         220    
    +--+--------------------------+-------+---------+---------+
       Total:                     1608    0         220    
                                                           
    .\Startup\
       ccfg.obj                   0       88        0      
    +--+--------------------------+-------+---------+---------+
       Total:                     0       88        0      
                                                           
    C:\Users\psdco\workspace_v6_1_3\TI-RTOS_BasicTask_CC2650STK\Debug\configPkg\package\cfg\
       flash_debug_pem3.oem3      3466    1678      8560   
    +--+--------------------------+-------+---------+---------+
       Total:                     3466    1678      8560   
                                                           
    C:/ti/tirtos_simplelink_2_13_00_06/products/cc26xxware_2_21_01_15600/driverlib/bin/ccs/driverlib.lib
       setup.obj                  1666    0         0      
       sys_ctrl.obj               626     0         8      
       osc.obj                    436     0         20     
       chipinfo.obj               220     0         0      
       ddi.obj                    152     0         0      
       aon_batmon.obj             44      0         0      
       aon_rtc.obj                40      0         0      
       cpu.obj                    30      0         0      
       vims.obj                   14      0         0      
       driverlib_release.obj      0       0         1      
    +--+--------------------------+-------+---------+---------+
       Total:                     3228    0         29     
                                                           
    C:\Users\psdco\workspace_v6_1_3\TI-RTOS_BasicTask_CC2650STK\src\sysbios\sysbios.aem3
       BIOS.obj                   13048   0         28     
       m3_Hwi_asm.obj             266     0         0      
       m3_TaskSupport_asm.obj     108     0         0      
       m3_Hwi_asm_switch.obj      102     0         0      
    +--+--------------------------+-------+---------+---------+
       Total:                     13524   0         28     
                                                           
    C:\ti\ccsv6\tools\compiler\ti-cgt-arm_15.12.1.LTS\lib\rtsv7M3_T_le_eabi.lib
       trgdrv.obj                 804     0         8      
       ull_div_t2.obj             500     0         0      
       trgmsg.obj                 104     0         288    
       fd_div_t2.obj              310     0         0      
       memcpy_t2.obj              156     0         0      
       memset_t2.obj              122     0         0      
       copy_decompress_rle.obj    112     0         0      
       exit.obj                   84      0         12     
       cpy_tbl.obj                76      0         0      
       fd_tou_t2.obj              68      0         0      
       u_divt2.obj                64      0         0      
       u_tofd_t2.obj              32      0         0      
       _lock.obj                  20      0         8      
       args_main.obj              24      0         0      
       ll_mul_t2.obj              24      0         0      
       strcpy.obj                 22      0         0      
       strlen.obj                 20      0         0      
       copy_decompress_none.obj   14      0         0      
       stkdepth_vars.obj          0       0         4      
       i_div0.obj                 2       0         0      
    +--+--------------------------+-------+---------+---------+
       Total:                     2558    0         320    
                                                           
    C:\ti\tirtos_simplelink_2_13_00_06\products\bios_6_42_00_08\packages\ti\targets\arm\rtsarm\lib\auto_init.aem3
       auto_init.oem3             160     0         0      
    +--+--------------------------+-------+---------+---------+
       Total:                     160     0         0      
                                                           
    C:\ti\tirtos_simplelink_2_13_00_06\products\bios_6_42_00_08\packages\ti\targets\arm\rtsarm\lib\boot.aem3
       boot.oem3                  68      0         0      
    +--+--------------------------+-------+---------+---------+
       Total:                     68      0         0      
                                                           
    C:\ti\tirtos_simplelink_2_13_00_06\products\bios_6_42_00_08\packages\ti\targets\arm\rtsarm\lib\ti.targets.arm.rtsarm.aem3
       System.oem3                1246    17        0      
       HeapStd.oem3               714     0         0      
       Text.oem3                  592     0         0      
       Error.oem3                 524     0         0      
       Core-mem.oem3              358     0         0      
       Startup.oem3               328     0         0      
       SysMin.oem3                248     0         0      
       Core-smem.oem3             204     0         0      
       Memory.oem3                176     0         0      
       Assert.oem3                84      0         0      
       Core-params.oem3           70      0         0      
       Core-label.oem3            52      0         0      
       Registry.oem3              32      0         0      
       Gate.oem3                  28      0         0      
    +--+--------------------------+-------+---------+---------+
       Total:                     4656    17        0      
                                                           
    C:\ti\tirtos_simplelink_2_13_00_06\products\uia_2_00_02_39\packages\ti\uia\loggers\lib\release\ti.uia.loggers.aem3
       LoggerStopMode.oem3        552     0         0      
    +--+--------------------------+-------+---------+---------+
       Total:                     552     0         0      
                                                           
    C:\ti\tirtos_simplelink_2_13_00_06\products\uia_2_00_02_39\packages\ti\uia\runtime\lib\release\ti.uia.runtime.aem3
       QueueDescriptor.oem3       116     0         8      
    +--+--------------------------+-------+---------+---------+
       Total:                     116     0         8      
                                                           
       Stack:                     0       0         1024   
       Linker Generated:          0       972       0      
[...]
00007aa8  ti_sysbios_knl_Queue_Object__PARAMS__C                          
00007ac0  xdc_runtime_Startup_sfxnRts__A                                  
00007ae7  xdc_runtime_Error_policy__C                                     
00007ae8  ti_sysbios_family_arm_m3_Hwi_excHookFuncs__A                    
00007af0  ti_sysbios_knl_Idle_funcList__A                                 
00007af8  ti_sysbios_knl_Idle_funcList__C                                 
00007b00  xdc_runtime_Startup_firstFxns__A                                
00007b08  xdc_runtime_Startup_firstFxns__C                                
00007b10  xdc_runtime_Startup_lastFxns__C                                 
00007b18  urgentWorkSem                                                   
00007b1c  ti_sysbios_family_arm_cc26xx_Power_Module_State_clockObj__O     
00007b20  ti_sysbios_family_arm_cc26xx_Power_Module_State_lfClockObj__O   
00007b24  ti_sysbios_family_arm_cc26xx_Power_Module_State_notifyQ__O      
00007b28  ti_sysbios_family_arm_cc26xx_Power_notifyTrapFunc__C            
00007b2c  ti_sysbios_family_arm_cc26xx_Power_totalTicksSTANDBY__C         
00007b30  ti_sysbios_family_arm_cc26xx_Power_wakeDelaySTANDBY__C          
00007b34  ti_sysbios_family_arm_cc26xx_Timer_startupNeeded__C             
00007b38  ti_sysbios_family_arm_m3_Hwi_E_NMI__C                           
00007b3c  ti_sysbios_family_arm_m3_Hwi_E_alreadyDefined__C                
00007b40  ti_sysbios_family_arm_m3_Hwi_E_busFault__C                      
00007b44  ti_sysbios_family_arm_m3_Hwi_E_debugMon__C                      
00007b48  ti_sysbios_family_arm_m3_Hwi_E_hardFault__C                     
00007b4c  ti_sysbios_family_arm_m3_Hwi_E_memFault__C                      
00007b50  ti_sysbios_family_arm_m3_Hwi_E_noIsr__C                         
00007b54  ti_sysbios_family_arm_m3_Hwi_E_reserved__C                      
00007b58  ti_sysbios_family_arm_m3_Hwi_E_svCall__C                        
00007b5c  ti_sysbios_family_arm_m3_Hwi_E_usageFault__C                    
00007b60  ti_sysbios_family_arm_m3_Hwi_LD_end__C                          
00007b64  ti_sysbios_family_arm_m3_Hwi_LM_begin__C                        
00007b68  ti_sysbios_family_arm_m3_Hwi_Module__diagsEnabled__C            
00007b6c  ti_sysbios_family_arm_m3_Hwi_Module__diagsIncluded__C           
00007b70  ti_sysbios_family_arm_m3_Hwi_Module__diagsMask__C               
00007b74  ti_sysbios_family_arm_m3_Hwi_Module__loggerFxn1__C              
00007b78  ti_sysbios_family_arm_m3_Hwi_Module__loggerFxn8__C              
00007b7c  ti_sysbios_family_arm_m3_Hwi_Module__loggerObj__C               
00007b80  ti_sysbios_family_arm_m3_Hwi_NUM_INTERRUPTS__C                  
00007b84  ti_sysbios_family_arm_m3_Hwi_Object__count__C                   
00007b88  ti_sysbios_family_arm_m3_Hwi_ccr__C                             
00007b8c  ti_sysbios_family_arm_m3_Hwi_excHandlerFunc__C                  
00007b90  ti_sysbios_family_arm_m3_Hwi_excHookFuncs__C                    
00007b94  ti_sysbios_family_arm_m3_Hwi_nullIsrFunc__C                     
00007b98  ti_sysbios_family_arm_m3_Hwi_priGroup__C                        
00007b9c  ti_sysbios_family_arm_m3_TaskSupport_stackAlignment__C          
00007ba0  ti_sysbios_gates_GateMutex_Instance_State_sem__O                
00007ba4  ti_sysbios_knl_Clock_LM_begin__C                                
00007ba8  ti_sysbios_knl_Clock_LM_tick__C                                 
00007bac  ti_sysbios_knl_Clock_Module_State_clockQ__O                     
00007bb0  ti_sysbios_knl_Clock_Module__diagsEnabled__C                    
00007bb4  ti_sysbios_knl_Clock_Module__diagsIncluded__C                   
00007bb8  ti_sysbios_knl_Clock_Module__diagsMask__C                       
00007bbc  ti_sysbios_knl_Clock_Module__loggerFxn1__C                      
00007bc0  ti_sysbios_knl_Clock_Module__loggerFxn2__C                      
00007bc4  ti_sysbios_knl_Clock_Module__loggerObj__C                       
00007bc8  ti_sysbios_knl_Clock_tickPeriod__C                              
00007bcc  ti_sysbios_knl_Semaphore_Instance_State_pendQ__O                
00007bd0  ti_sysbios_knl_Semaphore_LM_pend__C                             
00007bd4  ti_sysbios_knl_Semaphore_LM_post__C                             
00007bd8  ti_sysbios_knl_Semaphore_Module__diagsEnabled__C                
00007bdc  ti_sysbios_knl_Semaphore_Module__diagsIncluded__C               
00007be0  ti_sysbios_knl_Semaphore_Module__diagsMask__C                   
00007be4  ti_sysbios_knl_Semaphore_Module__loggerFxn2__C                  
00007be8  ti_sysbios_knl_Semaphore_Module__loggerFxn4__C                  
00007bec  ti_sysbios_knl_Semaphore_Module__loggerObj__C                   
00007bf0  ti_sysbios_knl_Swi_LD_end__C                                    
00007bf4  ti_sysbios_knl_Swi_LM_begin__C                                  
00007bf8  ti_sysbios_knl_Swi_LM_post__C                                   
00007bfc  ti_sysbios_knl_Swi_Module__diagsEnabled__C                      
00007c00  ti_sysbios_knl_Swi_Module__diagsIncluded__C                     
00007c04  ti_sysbios_knl_Swi_Module__diagsMask__C                         
00007c08  ti_sysbios_knl_Swi_Module__loggerFxn1__C                        
00007c0c  ti_sysbios_knl_Swi_Module__loggerFxn4__C                        
00007c10  ti_sysbios_knl_Swi_Module__loggerObj__C                         
00007c14  ti_sysbios_knl_Swi_Object__count__C                             
00007c18  ti_sysbios_knl_Task_LD_block__C                                 
00007c1c  ti_sysbios_knl_Task_LD_exit__C                                  
00007c20  ti_sysbios_knl_Task_LD_ready__C                                 
00007c24  ti_sysbios_knl_Task_LM_sleep__C                                 
00007c28  ti_sysbios_knl_Task_LM_switch__C                                
00007c2c  ti_sysbios_knl_Task_Module_State_inactiveQ__O                   
00007c30  ti_sysbios_knl_Task_Module__diagsEnabled__C                     
00007c34  ti_sysbios_knl_Task_Module__diagsIncluded__C                    
00007c38  ti_sysbios_knl_Task_Module__diagsMask__C                        
00007c3c  ti_sysbios_knl_Task_Module__loggerFxn2__C                       
00007c40  ti_sysbios_knl_Task_Module__loggerFxn4__C                       
00007c44  ti_sysbios_knl_Task_Module__loggerObj__C                        
00007c48  ti_sysbios_knl_Task_Object__count__C                            
00007c4c  ti_sysbios_knl_Task_allBlockedFunc__C                           
00007c50  ti_sysbios_knl_Task_defaultStackHeap__C                         
00007c54  ti_sysbios_knl_Task_defaultStackSize__C                         
00007c58  ti_sysbios_knl_Task_numConstructedTasks__C                      
00007c5c  ti_sysbios_utils_Load_LS_cpuLoad__C                             
00007c60  ti_sysbios_utils_Load_Module__diagsEnabled__C                   
00007c64  ti_sysbios_utils_Load_Module__diagsIncluded__C                  
00007c68  ti_sysbios_utils_Load_Module__diagsMask__C                      
00007c6c  ti_sysbios_utils_Load_Module__loggerFxn1__C                     
00007c70  ti_sysbios_utils_Load_Module__loggerObj__C                      
00007c74  ti_sysbios_utils_Load_postUpdate__C                             
00007c78  ti_sysbios_utils_Load_windowInMs__C                             
00007c7c  ti_uia_loggers_LoggerStopMode_Module__diagsEnabled__C           
00007c80  ti_uia_loggers_LoggerStopMode_Module__diagsIncluded__C          
00007c84  ti_uia_loggers_LoggerStopMode_Module__diagsMask__C              
00007c88  ti_uia_loggers_LoggerStopMode_Object__count__C                  
00007c8c  ti_uia_runtime_ILoggerSnapshot_Interface__BASE__C               
00007c90  ti_uia_runtime_IUIATransfer_Interface__BASE__C                  
00007c94  xdc_runtime_Assert_E_assertFailed__C                            
00007c98  xdc_runtime_Core_A_initializedParams__C                         
00007c9c  xdc_runtime_Core_Module__diagsEnabled__C                        
00007ca0  xdc_runtime_Core_Module__diagsIncluded__C                       
00007ca4  xdc_runtime_Core_Module__diagsMask__C                           
00007ca8  xdc_runtime_Error_E_memory__C                                   
00007cac  xdc_runtime_Error_Module__diagsEnabled__C                       
00007cb0  xdc_runtime_Error_Module__diagsIncluded__C                      
00007cb4  xdc_runtime_Error_Module__diagsMask__C                          
00007cb8  xdc_runtime_Error_Module__loggerFxn8__C                         
00007cbc  xdc_runtime_Error_Module__loggerObj__C                          
00007cc0  xdc_runtime_Error_policyFxn__C                                  
00007cc4  xdc_runtime_Error_raiseHook__C                                  
00007cc8  xdc_runtime_HeapStd_A_align__C                                  
00007ccc  xdc_runtime_HeapStd_A_invalidTotalFreeSize__C                   
00007cd0  xdc_runtime_HeapStd_A_zeroSize__C                               
00007cd4  xdc_runtime_HeapStd_E_noRTSMemory__C                            
00007cd8  xdc_runtime_HeapStd_Module__diagsEnabled__C                     
00007cdc  xdc_runtime_HeapStd_Module__diagsIncluded__C                    
00007ce0  xdc_runtime_HeapStd_Module__diagsMask__C                        
00007ce4  xdc_runtime_IFilterLogger_Interface__BASE__C                    
00007ce8  xdc_runtime_IGateProvider_Interface__BASE__C                    
00007cec  xdc_runtime_IHeap_Interface__BASE__C                            
00007cf0  xdc_runtime_ILogger_Interface__BASE__C                          
00007cf4  xdc_runtime_IModule_Interface__BASE__C                          
00007cf8  xdc_runtime_Log_L_error__C                                      
00007cfc  xdc_runtime_Memory_defaultHeapInstance__C                       
00007d00  xdc_runtime_Startup_execImpl__C                                 
00007d04  xdc_runtime_Startup_maxPasses__C                                
00007d08  xdc_runtime_Startup_sfxnRts__C                                  
00007d0c  xdc_runtime_Startup_sfxnTab__C                                  
00007d10  xdc_runtime_SysMin_bufSize__C                                   
00007d14  xdc_runtime_SysMin_outputFunc__C                                
00007d18  xdc_runtime_System_Module__gateObj__C                           
00007d1c  xdc_runtime_System_abortFxn__C                                  
00007d20  xdc_runtime_System_exitFxn__C                                   
00007d24  xdc_runtime_System_extendFxn__C                                 
00007d28  xdc_runtime_System_maxAtexitHandlers__C                         
00007d2c  xdc_runtime_Text_charTab__C                                     
00007d30  xdc_runtime_Text_nameEmpty__C                                   
00007d34  xdc_runtime_Text_nameStatic__C                                  
00007d38  xdc_runtime_Text_nameUnknown__C                                 
00007d3c  xdc_runtime_Text_visitRopeFxn__C                                
00007d40  ti_sysbios_family_arm_cc26xx_TimestampProvider_useClockTimer__C 
00007d42  ti_sysbios_family_arm_m3_Hwi_Module__id__C                      
00007d44  ti_sysbios_family_arm_m3_Hwi_Module__loggerDefined__C           
00007d46  ti_sysbios_knl_Clock_Module__id__C                              
00007d48  ti_sysbios_knl_Clock_Module__loggerDefined__C                   
00007d4a  ti_sysbios_knl_Semaphore_Module__id__C                          
00007d4c  ti_sysbios_knl_Semaphore_Module__loggerDefined__C               
00007d4e  ti_sysbios_knl_Swi_Module__id__C                                
00007d50  ti_sysbios_knl_Swi_Module__loggerDefined__C                     
00007d52  ti_sysbios_knl_Task_Module__id__C                               
00007d54  ti_sysbios_knl_Task_Module__loggerDefined__C                    
00007d56  ti_sysbios_knl_Task_initStackFlag__C                            
00007d58  ti_sysbios_utils_Load_Module__id__C                             
00007d5a  ti_sysbios_utils_Load_Module__loggerDefined__C                  
00007d5c  ti_sysbios_utils_Load_updateInIdle__C                           
00007d5e  ti_uia_loggers_LoggerStopMode_Module__id__C                     
00007d60  ti_uia_loggers_LoggerStopMode_isTimestampEnabled__C             
00007d62  xdc_runtime_Core_Module__id__C                                  
00007d64  xdc_runtime_Error_Module__loggerDefined__C                      
00007d66  xdc_runtime_Error_maxDepth__C                                   
00007d68  xdc_runtime_HeapStd_Module__id__C                               
00007d6a  xdc_runtime_Memory_Module__id__C                                
00007d6c  xdc_runtime_SysMin_flushAtExit__C                               
00007d6e  xdc_runtime_Text_charCnt__C                                     
00007d70  xdc_runtime_Text_isLoaded__C                                    
00007d72  xdc_runtime_Text_registryModsLastId__C                          
00007d74  xdc_runtime_Text_unnamedModsLastId__C                           
00007d76  xdc_runtime_Text_charTab__A                                     
00007d78  __TI_static_base__                                              
0000812c  __TI_Handler_Table_Base                                         
00008134  __TI_CINIT_Base                                                 
00008134  __TI_Handler_Table_Limit                                        
0000814c  __TI_CINIT_Limit                                                
0001ffa8  __ccfg                                                          
20000000  ti_sysbios_family_arm_m3_Hwi_ramVectors                         
20000100  ti_sysbios_knl_Task_Instance_State_0_stack__A                   
20000900  ti_uia_loggers_LoggerStopMode_Instance_State_2_packetArray__A   
20001100  ti_uia_loggers_LoggerStopMode_Instance_State_1_packetArray__A   
20001500  xdc_runtime_SysMin_Module_State_0_outbuf__A                     
20001900  ti_uia_loggers_LoggerStopMode_Instance_State_0_packetArray__A   
20001b00  __CIOBUF_                                                       
20001e20  ti_sysbios_family_arm_m3_Hwi_dispatchTable                      
20001efc  PIN_HandleTable                                                 
20001f78  urgentTask                                                      
20001fc8  workTask                                                        
20002080  ti_uia_loggers_LoggerStopMode_Instance_State_0_hdr__A           
200020d8  PIN_NumPins                                                     
200020dc  driverlib_release_0_43243                                       
20002100  ti_uia_loggers_LoggerStopMode_Instance_State_1_hdr__A           
20002180  ti_uia_loggers_LoggerStopMode_Instance_State_2_hdr__A           
200021b0  ti_uia_loggers_LoggerStopMode_Object__table__V                  
2000224c  ti_sysbios_utils_Load_Module__state__V                          
200022e4  ti_sysbios_knl_Swi_Module_State_0_readyQ__A                     
20002364  ti_sysbios_family_arm_cc26xx_Power_Module__state__V             
200023d4  BoardGpioInitTable                                              
20002430  TSK_idle                                                        
20002430  ti_sysbios_knl_Task_Object__table__V                            
2000247c  main_func_sp                                                    
20002480  ti_sysbios_family_arm_cc26xx_Timer_Object__table__V             
200024c8  ti_sysbios_knl_Task_Module__state__V                            
2000250c  ti_sysbios_family_arm_m3_Hwi_Module__state__V                   
20002540  ti_sysbios_family_arm_m3_Hwi_Object__table__V                   
20002570  ti_sysbios_knl_Swi_Object__table__V                             
200025a0  ti_sysbios_knl_Clock_Module__state__V                           
200025cc  ti_sysbios_BIOS_Module__state__V                                
200025f0  ti_sysbios_knl_Task_Module_State_0_readyQ__A                    
2000262c  ti_sysbios_gates_GateMutex_Object__table__V                     
20002648  ti_sysbios_knl_Swi_Module__state__V                             
20002664  ti_sysbios_knl_Semaphore_Object__table__V                       
20002678  ti_sysbios_family_arm_cc26xx_Power_refCount                     
2000268c  pinTable                                                        
2000269c  __TI_cleanup_ptr                                                
200026a0  __TI_dtors_ptr                                                  
200026a4  __TI_enable_exit_profile_output                                 
200026a8  ti_sysbios_family_arm_cc26xx_Power_resourceHandlers             
200026b4  ti_sysbios_knl_Task_Module__root__V                             
200026c0  ti_uia_runtime_QueueDescriptor_Module__state__V                 
200026cc  xdc_runtime_HeapStd_Object__table__V                            
200026d8  xdc_runtime_SysMin_Module__state__V                             
200026e4  _lock                                                           
200026e8  _unlock                                                         
200026ec  ti_uia_runtime_QueueDescriptor_gPtrToFirstDescriptor            
200026f0  ti_uia_runtime_QueueDescriptor_gUpdateCount                     
200026f4  ti_sysbios_family_arm_cc26xx_Timer_Module__state__V             
200026fc  ti_sysbios_family_arm_m3_Hwi_Module__root__V                    
20002704  ti_sysbios_gates_GateHwi_Module__root__V                        
2000270c  ti_sysbios_gates_GateMutex_Module__root__V                      
20002714  ti_sysbios_knl_Queue_Module__root__V                            
2000271c  ti_sysbios_knl_Semaphore_Module__root__V                        
20002724  ti_uia_loggers_LoggerStopMode_Module__root__V                   
2000272c  xdc_runtime_HeapStd_Module__root__V                             
20002734  xdc_runtime_Registry_Module__state__V                           
2000273c  xdc_runtime_Startup_Module__state__V                            
20002744  xdc_runtime_System_Module_State_0_atexitHandlers__A             
2000274c  xdc_runtime_System_Module__state__V                             
20002754  ti_sysbios_family_arm_cc26xx_Power_constraintCounts             
2000275a  ti_sysbios_family_arm_m3_Hwi_Module_State_0_excActive__A        
2000275c  ti_sysbios_family_arm_cc26xx_TimestampProvider_Module__state__V 
20002760  ti_sysbios_family_arm_m3_Hwi_Module_State_0_excContext__A       
20002764  ti_sysbios_family_arm_m3_Hwi_Module_State_0_excStack__A         
20002768  ti_sysbios_gates_GateHwi_Object__table__V                       
2000276c  ti_sysbios_knl_Task_Module_State_0_idleTask__A                  
20002770  ti_sysbios_utils_Load_Module_State_0_runningTask__A             
20002774  ti_sysbios_utils_Load_Module_State_0_taskStartTime__A           
20002778  xdc_runtime_HeapStd_Module__state__V                            
2000277c  xdc_runtime_Memory_Module__state__V                             
20002780  xdc_runtime_Error_Module__state__V                              
20004c00  __stack                                                         
20005000  __STACK_END                                                     
20005000  __STACK_TOP                                                     
e000e000  ti_sysbios_family_arm_m3_Hwi_nvic                               
ffffffff  __TI_pprof_out_hndl                                             
ffffffff  __TI_prof_data_size                                             
ffffffff  __TI_prof_data_start                                            
ffffffff  __binit__                                                       
ffffffff  __c_args__                                                      
ffffffff  binit                                                           
UNDEFED   SHT$$INIT_ARRAY$$Base                                           
UNDEFED   SHT$$INIT_ARRAY$$Limit                                          

[691 symbols]
